Archive member included to satisfy reference by file (symbol)

d:/arm_development/10 2020-q4-major/bin/../lib/gcc/arm-none-eabi/10.2.1/../../../../arm-none-eabi/lib/thumb/v7-m/nofp\libg_nano.a(lib_a-exit.o)
                              d:/arm_development/10 2020-q4-major/bin/../lib/gcc/arm-none-eabi/10.2.1/../../../../arm-none-eabi/lib/thumb/v7-m/nofp/crt0.o (exit)
d:/arm_development/10 2020-q4-major/bin/../lib/gcc/arm-none-eabi/10.2.1/../../../../arm-none-eabi/lib/thumb/v7-m/nofp\libg_nano.a(lib_a-impure.o)
                              d:/arm_development/10 2020-q4-major/bin/../lib/gcc/arm-none-eabi/10.2.1/../../../../arm-none-eabi/lib/thumb/v7-m/nofp\libg_nano.a(lib_a-exit.o) (_global_impure_ptr)
d:/arm_development/10 2020-q4-major/bin/../lib/gcc/arm-none-eabi/10.2.1/../../../../arm-none-eabi/lib/thumb/v7-m/nofp\libg_nano.a(lib_a-init.o)
                              d:/arm_development/10 2020-q4-major/bin/../lib/gcc/arm-none-eabi/10.2.1/../../../../arm-none-eabi/lib/thumb/v7-m/nofp/crt0.o (__libc_init_array)
d:/arm_development/10 2020-q4-major/bin/../lib/gcc/arm-none-eabi/10.2.1/../../../../arm-none-eabi/lib/thumb/v7-m/nofp\libg_nano.a(lib_a-memset.o)
                              d:/arm_development/10 2020-q4-major/bin/../lib/gcc/arm-none-eabi/10.2.1/../../../../arm-none-eabi/lib/thumb/v7-m/nofp/crt0.o (memset)
d:/arm_development/10 2020-q4-major/bin/../lib/gcc/arm-none-eabi/10.2.1/../../../../arm-none-eabi/lib/thumb/v7-m/nofp\libnosys.a(_exit.o)
                              d:/arm_development/10 2020-q4-major/bin/../lib/gcc/arm-none-eabi/10.2.1/../../../../arm-none-eabi/lib/thumb/v7-m/nofp\libg_nano.a(lib_a-exit.o) (_exit)

Memory Configuration

Name             Origin             Length             Attributes
FLASH            0x08000000         0x00020000         xr
RAM              0x20000000         0x00005000         xrw
MEMORY_B1        0x60000000         0x00000000         xr
*default*        0x00000000         0xffffffff

Linker script and memory map

LOAD d:/arm_development/10 2020-q4-major/bin/../lib/gcc/arm-none-eabi/10.2.1/thumb/v7-m/nofp/crti.o
LOAD d:/arm_development/10 2020-q4-major/bin/../lib/gcc/arm-none-eabi/10.2.1/thumb/v7-m/nofp/crtbegin.o
LOAD d:/arm_development/10 2020-q4-major/bin/../lib/gcc/arm-none-eabi/10.2.1/../../../../arm-none-eabi/lib/thumb/v7-m/nofp/crt0.o
LOAD build/main.o
LOAD build/system_stm32f10x.o
LOAD build/startup_stm32f10x_md.o
START GROUP
LOAD d:/arm_development/10 2020-q4-major/bin/../lib/gcc/arm-none-eabi/10.2.1/thumb/v7-m/nofp\libgcc.a
LOAD d:/arm_development/10 2020-q4-major/bin/../lib/gcc/arm-none-eabi/10.2.1/../../../../arm-none-eabi/lib/thumb/v7-m/nofp\libg_nano.a
LOAD d:/arm_development/10 2020-q4-major/bin/../lib/gcc/arm-none-eabi/10.2.1/../../../../arm-none-eabi/lib/thumb/v7-m/nofp\libc_nano.a
END GROUP
START GROUP
LOAD d:/arm_development/10 2020-q4-major/bin/../lib/gcc/arm-none-eabi/10.2.1/thumb/v7-m/nofp\libgcc.a
LOAD d:/arm_development/10 2020-q4-major/bin/../lib/gcc/arm-none-eabi/10.2.1/../../../../arm-none-eabi/lib/thumb/v7-m/nofp\libc_nano.a
LOAD d:/arm_development/10 2020-q4-major/bin/../lib/gcc/arm-none-eabi/10.2.1/../../../../arm-none-eabi/lib/thumb/v7-m/nofp\libnosys.a
END GROUP
START GROUP
LOAD d:/arm_development/10 2020-q4-major/bin/../lib/gcc/arm-none-eabi/10.2.1/thumb/v7-m/nofp\libgcc.a
LOAD d:/arm_development/10 2020-q4-major/bin/../lib/gcc/arm-none-eabi/10.2.1/../../../../arm-none-eabi/lib/thumb/v7-m/nofp\libc_nano.a
LOAD d:/arm_development/10 2020-q4-major/bin/../lib/gcc/arm-none-eabi/10.2.1/../../../../arm-none-eabi/lib/thumb/v7-m/nofp\libnosys.a
END GROUP
LOAD d:/arm_development/10 2020-q4-major/bin/../lib/gcc/arm-none-eabi/10.2.1/thumb/v7-m/nofp/crtend.o
LOAD d:/arm_development/10 2020-q4-major/bin/../lib/gcc/arm-none-eabi/10.2.1/thumb/v7-m/nofp/crtn.o
                0x20005000                _estack = 0x20005000
                0x00000000                _Min_Heap_Size = 0x0
                0x00000100                _Min_Stack_Size = 0x100

.isr_vector     0x08000000      0x10c
                0x08000000                . = ALIGN (0x4)
 *(.isr_vector)
 .isr_vector    0x08000000      0x10c build/startup_stm32f10x_md.o
                0x08000000                g_pfnVectors
                0x0800010c                . = ALIGN (0x4)

.text           0x0800010c      0x464
                0x0800010c                . = ALIGN (0x4)
 *(.text)
 .text          0x0800010c        0x0 d:/arm_development/10 2020-q4-major/bin/../lib/gcc/arm-none-eabi/10.2.1/thumb/v7-m/nofp/crti.o
 .text          0x0800010c       0x40 d:/arm_development/10 2020-q4-major/bin/../lib/gcc/arm-none-eabi/10.2.1/thumb/v7-m/nofp/crtbegin.o
 .text          0x0800014c       0x7c d:/arm_development/10 2020-q4-major/bin/../lib/gcc/arm-none-eabi/10.2.1/../../../../arm-none-eabi/lib/thumb/v7-m/nofp/crt0.o
                0x0800014c                _stack_init
                0x08000154                _start
                0x08000154                _mainCRTStartup
 .text          0x080001c8        0x6 build/main.o
                0x080001c8                main
 *fill*         0x080001ce        0x2 
 .text          0x080001d0      0x258 build/system_stm32f10x.o
                0x080001d0                SystemInit
                0x08000238                SystemCoreClockUpdate
 .text          0x08000428       0x14 build/startup_stm32f10x_md.o
 .text          0x0800043c        0x0 d:/arm_development/10 2020-q4-major/bin/../lib/gcc/arm-none-eabi/10.2.1/../../../../arm-none-eabi/lib/thumb/v7-m/nofp\libg_nano.a(lib_a-exit.o)
 .text          0x0800043c        0x0 d:/arm_development/10 2020-q4-major/bin/../lib/gcc/arm-none-eabi/10.2.1/../../../../arm-none-eabi/lib/thumb/v7-m/nofp\libg_nano.a(lib_a-impure.o)
 .text          0x0800043c        0x0 d:/arm_development/10 2020-q4-major/bin/../lib/gcc/arm-none-eabi/10.2.1/../../../../arm-none-eabi/lib/thumb/v7-m/nofp\libg_nano.a(lib_a-init.o)
 .text          0x0800043c        0x0 d:/arm_development/10 2020-q4-major/bin/../lib/gcc/arm-none-eabi/10.2.1/../../../../arm-none-eabi/lib/thumb/v7-m/nofp\libg_nano.a(lib_a-memset.o)
 .text          0x0800043c        0x0 d:/arm_development/10 2020-q4-major/bin/../lib/gcc/arm-none-eabi/10.2.1/../../../../arm-none-eabi/lib/thumb/v7-m/nofp\libnosys.a(_exit.o)
 .text          0x0800043c        0x0 d:/arm_development/10 2020-q4-major/bin/../lib/gcc/arm-none-eabi/10.2.1/thumb/v7-m/nofp/crtend.o
 .text          0x0800043c        0x0 d:/arm_development/10 2020-q4-major/bin/../lib/gcc/arm-none-eabi/10.2.1/thumb/v7-m/nofp/crtn.o
 *(.text*)
 .text.Reset_Handler
                0x0800043c       0x48 build/startup_stm32f10x_md.o
                0x0800043c                Reset_Handler
 .text.Default_Handler
                0x08000484        0x2 build/startup_stm32f10x_md.o
                0x08000484                EXTI2_IRQHandler
                0x08000484                DebugMon_Handler
                0x08000484                TIM1_CC_IRQHandler
                0x08000484                HardFault_Handler
                0x08000484                SysTick_Handler
                0x08000484                PVD_IRQHandler
                0x08000484                PendSV_Handler
                0x08000484                NMI_Handler
                0x08000484                EXTI3_IRQHandler
                0x08000484                EXTI0_IRQHandler
                0x08000484                I2C2_EV_IRQHandler
                0x08000484                UsageFault_Handler
                0x08000484                ADC1_2_IRQHandler
                0x08000484                SPI1_IRQHandler
                0x08000484                TAMPER_IRQHandler
                0x08000484                DMA1_Channel4_IRQHandler
                0x08000484                USART3_IRQHandler
                0x08000484                RTC_IRQHandler
                0x08000484                DMA1_Channel7_IRQHandler
                0x08000484                CAN1_RX1_IRQHandler
                0x08000484                TIM4_IRQHandler
                0x08000484                I2C1_EV_IRQHandler
                0x08000484                DMA1_Channel6_IRQHandler
                0x08000484                TIM3_IRQHandler
                0x08000484                RCC_IRQHandler
                0x08000484                TIM1_TRG_COM_IRQHandler
                0x08000484                DMA1_Channel1_IRQHandler
                0x08000484                Default_Handler
                0x08000484                EXTI15_10_IRQHandler
                0x08000484                EXTI9_5_IRQHandler
                0x08000484                SPI2_IRQHandler
                0x08000484                MemManage_Handler
                0x08000484                SVC_Handler
                0x08000484                DMA1_Channel5_IRQHandler
                0x08000484                EXTI4_IRQHandler
                0x08000484                USB_LP_CAN1_RX0_IRQHandler
                0x08000484                USB_HP_CAN1_TX_IRQHandler
                0x08000484                DMA1_Channel3_IRQHandler
                0x08000484                TIM1_UP_IRQHandler
                0x08000484                WWDG_IRQHandler
                0x08000484                TIM2_IRQHandler
                0x08000484                TIM1_BRK_IRQHandler
                0x08000484                EXTI1_IRQHandler
                0x08000484                RTCAlarm_IRQHandler
                0x08000484                USART2_IRQHandler
                0x08000484                I2C2_ER_IRQHandler
                0x08000484                DMA1_Channel2_IRQHandler
                0x08000484                CAN1_SCE_IRQHandler
                0x08000484                FLASH_IRQHandler
                0x08000484                BusFault_Handler
                0x08000484                USART1_IRQHandler
                0x08000484                I2C1_ER_IRQHandler
                0x08000484                USBWakeUp_IRQHandler
 *fill*         0x08000486        0x2 
 .text.exit     0x08000488       0x28 d:/arm_development/10 2020-q4-major/bin/../lib/gcc/arm-none-eabi/10.2.1/../../../../arm-none-eabi/lib/thumb/v7-m/nofp\libg_nano.a(lib_a-exit.o)
                0x08000488                exit
 .text.__libc_init_array
                0x080004b0       0x48 d:/arm_development/10 2020-q4-major/bin/../lib/gcc/arm-none-eabi/10.2.1/../../../../arm-none-eabi/lib/thumb/v7-m/nofp\libg_nano.a(lib_a-init.o)
                0x080004b0                __libc_init_array
 .text.memset   0x080004f8       0x10 d:/arm_development/10 2020-q4-major/bin/../lib/gcc/arm-none-eabi/10.2.1/../../../../arm-none-eabi/lib/thumb/v7-m/nofp\libg_nano.a(lib_a-memset.o)
                0x080004f8                memset
 .text._exit    0x08000508        0x4 d:/arm_development/10 2020-q4-major/bin/../lib/gcc/arm-none-eabi/10.2.1/../../../../arm-none-eabi/lib/thumb/v7-m/nofp\libnosys.a(_exit.o)
                0x08000508                _exit
 *(.rodata)
 .rodata        0x0800050c       0x24 d:/arm_development/10 2020-q4-major/bin/../lib/gcc/arm-none-eabi/10.2.1/thumb/v7-m/nofp/crtbegin.o
 .rodata        0x08000530       0x24 d:/arm_development/10 2020-q4-major/bin/../lib/gcc/arm-none-eabi/10.2.1/thumb/v7-m/nofp/crtend.o
 *(.rodata*)
 .rodata._global_impure_ptr
                0x08000554        0x4 d:/arm_development/10 2020-q4-major/bin/../lib/gcc/arm-none-eabi/10.2.1/../../../../arm-none-eabi/lib/thumb/v7-m/nofp\libg_nano.a(lib_a-impure.o)
                0x08000554                _global_impure_ptr
 *(.glue_7)
 .glue_7        0x08000558        0x0 linker stubs
 *(.glue_7t)
 .glue_7t       0x08000558        0x0 linker stubs
 *(.init)
 .init          0x08000558        0x4 d:/arm_development/10 2020-q4-major/bin/../lib/gcc/arm-none-eabi/10.2.1/thumb/v7-m/nofp/crti.o
                0x08000558                _init
 .init          0x0800055c        0x8 d:/arm_development/10 2020-q4-major/bin/../lib/gcc/arm-none-eabi/10.2.1/thumb/v7-m/nofp/crtn.o
 *(.fini)
 .fini          0x08000564        0x4 d:/arm_development/10 2020-q4-major/bin/../lib/gcc/arm-none-eabi/10.2.1/thumb/v7-m/nofp/crti.o
                0x08000564                _fini
 .fini          0x08000568        0x8 d:/arm_development/10 2020-q4-major/bin/../lib/gcc/arm-none-eabi/10.2.1/thumb/v7-m/nofp/crtn.o
                0x08000570                . = ALIGN (0x4)
                0x08000570                _etext = .

.vfp11_veneer   0x08000570        0x0
 .vfp11_veneer  0x08000570        0x0 linker stubs

.v4_bx          0x08000570        0x0
 .v4_bx         0x08000570        0x0 linker stubs

.iplt           0x08000570        0x0
 .iplt          0x08000570        0x0 d:/arm_development/10 2020-q4-major/bin/../lib/gcc/arm-none-eabi/10.2.1/thumb/v7-m/nofp/crtbegin.o

.ARM.extab      0x08000570        0x0
 *(.ARM.extab* .gnu.linkonce.armextab.*)
 .ARM.extab     0x08000570        0x0 d:/arm_development/10 2020-q4-major/bin/../lib/gcc/arm-none-eabi/10.2.1/../../../../arm-none-eabi/lib/thumb/v7-m/nofp/crt0.o

.eh_frame       0x08000570        0x4
 .eh_frame      0x08000570        0x0 d:/arm_development/10 2020-q4-major/bin/../lib/gcc/arm-none-eabi/10.2.1/thumb/v7-m/nofp/crtbegin.o
 .eh_frame      0x08000570        0x4 d:/arm_development/10 2020-q4-major/bin/../lib/gcc/arm-none-eabi/10.2.1/thumb/v7-m/nofp/crtend.o

.ARM            0x08000574        0x8
                0x08000574                __exidx_start = .
 *(.ARM.exidx*)
 .ARM.exidx     0x08000574        0x8 d:/arm_development/10 2020-q4-major/bin/../lib/gcc/arm-none-eabi/10.2.1/../../../../arm-none-eabi/lib/thumb/v7-m/nofp/crt0.o
                                 0x10 (size before relaxing)
                0x0800057c                __exidx_end = .

.rel.dyn        0x0800057c        0x0
 .rel.iplt      0x0800057c        0x0 d:/arm_development/10 2020-q4-major/bin/../lib/gcc/arm-none-eabi/10.2.1/thumb/v7-m/nofp/crtbegin.o

.ARM.attributes
                0x0800057c       0x29
 *(.ARM.attributes)
 .ARM.attributes
                0x0800057c       0x1d d:/arm_development/10 2020-q4-major/bin/../lib/gcc/arm-none-eabi/10.2.1/thumb/v7-m/nofp/crti.o
 .ARM.attributes
                0x08000599       0x2d d:/arm_development/10 2020-q4-major/bin/../lib/gcc/arm-none-eabi/10.2.1/thumb/v7-m/nofp/crtbegin.o
 .ARM.attributes
                0x080005c6       0x1b d:/arm_development/10 2020-q4-major/bin/../lib/gcc/arm-none-eabi/10.2.1/../../../../arm-none-eabi/lib/thumb/v7-m/nofp/crt0.o
 .ARM.attributes
                0x080005e1       0x2d build/main.o
 .ARM.attributes
                0x0800060e       0x2d build/system_stm32f10x.o
 .ARM.attributes
                0x0800063b       0x21 build/startup_stm32f10x_md.o
 .ARM.attributes
                0x0800065c       0x2d d:/arm_development/10 2020-q4-major/bin/../lib/gcc/arm-none-eabi/10.2.1/../../../../arm-none-eabi/lib/thumb/v7-m/nofp\libg_nano.a(lib_a-exit.o)
 .ARM.attributes
                0x08000689       0x2d d:/arm_development/10 2020-q4-major/bin/../lib/gcc/arm-none-eabi/10.2.1/../../../../arm-none-eabi/lib/thumb/v7-m/nofp\libg_nano.a(lib_a-impure.o)
 .ARM.attributes
                0x080006b6       0x2d d:/arm_development/10 2020-q4-major/bin/../lib/gcc/arm-none-eabi/10.2.1/../../../../arm-none-eabi/lib/thumb/v7-m/nofp\libg_nano.a(lib_a-init.o)
 .ARM.attributes
                0x080006e3       0x2d d:/arm_development/10 2020-q4-major/bin/../lib/gcc/arm-none-eabi/10.2.1/../../../../arm-none-eabi/lib/thumb/v7-m/nofp\libg_nano.a(lib_a-memset.o)
 .ARM.attributes
                0x08000710       0x2d d:/arm_development/10 2020-q4-major/bin/../lib/gcc/arm-none-eabi/10.2.1/../../../../arm-none-eabi/lib/thumb/v7-m/nofp\libnosys.a(_exit.o)
 .ARM.attributes
                0x0800073d       0x2d d:/arm_development/10 2020-q4-major/bin/../lib/gcc/arm-none-eabi/10.2.1/thumb/v7-m/nofp/crtend.o
 .ARM.attributes
                0x0800076a       0x1d d:/arm_development/10 2020-q4-major/bin/../lib/gcc/arm-none-eabi/10.2.1/thumb/v7-m/nofp/crtn.o

.preinit_array  0x0800057c        0x0
                0x0800057c                PROVIDE (__preinit_array_start = .)
 *(.preinit_array*)
                0x0800057c                PROVIDE (__preinit_array_end = .)

.init_array     0x0800057c        0x4
                0x0800057c                PROVIDE (__init_array_start = .)
 *(SORT_BY_NAME(.init_array.*))
 *(.init_array*)
 .init_array    0x0800057c        0x4 d:/arm_development/10 2020-q4-major/bin/../lib/gcc/arm-none-eabi/10.2.1/thumb/v7-m/nofp/crtbegin.o
                0x08000580                PROVIDE (__init_array_end = .)

.fini_array     0x08000580        0x4
                [!provide]                PROVIDE (__fini_array_start = .)
 *(.fini_array*)
 .fini_array    0x08000580        0x4 d:/arm_development/10 2020-q4-major/bin/../lib/gcc/arm-none-eabi/10.2.1/thumb/v7-m/nofp/crtbegin.o
 *(SORT_BY_NAME(.fini_array.*))
                [!provide]                PROVIDE (__fini_array_end = .)
                0x08000584                _sidata = .

.data           0x20000000       0x7c load address 0x08000584
                0x20000000                . = ALIGN (0x4)
                0x20000000                _sdata = .
 *(.data)
 .data          0x20000000        0x0 d:/arm_development/10 2020-q4-major/bin/../lib/gcc/arm-none-eabi/10.2.1/thumb/v7-m/nofp/crti.o
 .data          0x20000000        0x4 d:/arm_development/10 2020-q4-major/bin/../lib/gcc/arm-none-eabi/10.2.1/thumb/v7-m/nofp/crtbegin.o
                0x20000000                __dso_handle
 .data          0x20000004        0x0 d:/arm_development/10 2020-q4-major/bin/../lib/gcc/arm-none-eabi/10.2.1/../../../../arm-none-eabi/lib/thumb/v7-m/nofp/crt0.o
 .data          0x20000004        0x0 build/main.o
 .data          0x20000004       0x14 build/system_stm32f10x.o
                0x20000004                SystemCoreClock
                0x20000008                AHBPrescTable
 .data          0x20000018        0x0 build/startup_stm32f10x_md.o
 .data          0x20000018        0x0 d:/arm_development/10 2020-q4-major/bin/../lib/gcc/arm-none-eabi/10.2.1/../../../../arm-none-eabi/lib/thumb/v7-m/nofp\libg_nano.a(lib_a-exit.o)
 .data          0x20000018        0x0 d:/arm_development/10 2020-q4-major/bin/../lib/gcc/arm-none-eabi/10.2.1/../../../../arm-none-eabi/lib/thumb/v7-m/nofp\libg_nano.a(lib_a-impure.o)
 .data          0x20000018        0x0 d:/arm_development/10 2020-q4-major/bin/../lib/gcc/arm-none-eabi/10.2.1/../../../../arm-none-eabi/lib/thumb/v7-m/nofp\libg_nano.a(lib_a-init.o)
 .data          0x20000018        0x0 d:/arm_development/10 2020-q4-major/bin/../lib/gcc/arm-none-eabi/10.2.1/../../../../arm-none-eabi/lib/thumb/v7-m/nofp\libg_nano.a(lib_a-memset.o)
 .data          0x20000018        0x0 d:/arm_development/10 2020-q4-major/bin/../lib/gcc/arm-none-eabi/10.2.1/../../../../arm-none-eabi/lib/thumb/v7-m/nofp\libnosys.a(_exit.o)
 .data          0x20000018        0x0 d:/arm_development/10 2020-q4-major/bin/../lib/gcc/arm-none-eabi/10.2.1/thumb/v7-m/nofp/crtend.o
 .data          0x20000018        0x0 d:/arm_development/10 2020-q4-major/bin/../lib/gcc/arm-none-eabi/10.2.1/thumb/v7-m/nofp/crtn.o
 *(.data*)
 .data._impure_ptr
                0x20000018        0x4 d:/arm_development/10 2020-q4-major/bin/../lib/gcc/arm-none-eabi/10.2.1/../../../../arm-none-eabi/lib/thumb/v7-m/nofp\libg_nano.a(lib_a-impure.o)
                0x20000018                _impure_ptr
 .data.impure_data
                0x2000001c       0x60 d:/arm_development/10 2020-q4-major/bin/../lib/gcc/arm-none-eabi/10.2.1/../../../../arm-none-eabi/lib/thumb/v7-m/nofp\libg_nano.a(lib_a-impure.o)
                0x2000007c                . = ALIGN (0x4)
                0x2000007c                _edata = .

.igot.plt       0x2000007c        0x0 load address 0x08000600
 .igot.plt      0x2000007c        0x0 d:/arm_development/10 2020-q4-major/bin/../lib/gcc/arm-none-eabi/10.2.1/thumb/v7-m/nofp/crtbegin.o
                0x2000007c                . = ALIGN (0x4)

.bss            0x2000007c       0x1c load address 0x08000600
                0x2000007c                _sbss = .
                0x2000007c                __bss_start__ = _sbss
 *(.bss)
 .bss           0x2000007c        0x0 d:/arm_development/10 2020-q4-major/bin/../lib/gcc/arm-none-eabi/10.2.1/thumb/v7-m/nofp/crti.o
 .bss           0x2000007c       0x1c d:/arm_development/10 2020-q4-major/bin/../lib/gcc/arm-none-eabi/10.2.1/thumb/v7-m/nofp/crtbegin.o
 .bss           0x20000098        0x0 d:/arm_development/10 2020-q4-major/bin/../lib/gcc/arm-none-eabi/10.2.1/../../../../arm-none-eabi/lib/thumb/v7-m/nofp/crt0.o
 .bss           0x20000098        0x0 build/main.o
 .bss           0x20000098        0x0 build/system_stm32f10x.o
 .bss           0x20000098        0x0 build/startup_stm32f10x_md.o
 .bss           0x20000098        0x0 d:/arm_development/10 2020-q4-major/bin/../lib/gcc/arm-none-eabi/10.2.1/../../../../arm-none-eabi/lib/thumb/v7-m/nofp\libg_nano.a(lib_a-exit.o)
 .bss           0x20000098        0x0 d:/arm_development/10 2020-q4-major/bin/../lib/gcc/arm-none-eabi/10.2.1/../../../../arm-none-eabi/lib/thumb/v7-m/nofp\libg_nano.a(lib_a-impure.o)
 .bss           0x20000098        0x0 d:/arm_development/10 2020-q4-major/bin/../lib/gcc/arm-none-eabi/10.2.1/../../../../arm-none-eabi/lib/thumb/v7-m/nofp\libg_nano.a(lib_a-init.o)
 .bss           0x20000098        0x0 d:/arm_development/10 2020-q4-major/bin/../lib/gcc/arm-none-eabi/10.2.1/../../../../arm-none-eabi/lib/thumb/v7-m/nofp\libg_nano.a(lib_a-memset.o)
 .bss           0x20000098        0x0 d:/arm_development/10 2020-q4-major/bin/../lib/gcc/arm-none-eabi/10.2.1/../../../../arm-none-eabi/lib/thumb/v7-m/nofp\libnosys.a(_exit.o)
 .bss           0x20000098        0x0 d:/arm_development/10 2020-q4-major/bin/../lib/gcc/arm-none-eabi/10.2.1/thumb/v7-m/nofp/crtend.o
 .bss           0x20000098        0x0 d:/arm_development/10 2020-q4-major/bin/../lib/gcc/arm-none-eabi/10.2.1/thumb/v7-m/nofp/crtn.o
 *(.bss*)
 *(COMMON)
                0x20000098                . = ALIGN (0x4)
                0x20000098                _ebss = .
                0x20000098                __bss_end__ = _ebss
                [!provide]                PROVIDE (end = _ebss)
                [!provide]                PROVIDE (_end = _ebss)

._user_heap_stack
                0x20000098      0x100 load address 0x0800061c
                0x20000098                . = ALIGN (0x4)
                0x20000098                . = (. + _Min_Heap_Size)
                0x20000198                . = (. + _Min_Stack_Size)
 *fill*         0x20000098      0x100 
                0x20000198                . = ALIGN (0x4)

.memory_b1_text
 *(.mb1text)
 *(.mb1text*)
 *(.mb1rodata)
 *(.mb1rodata*)

/DISCARD/
 libc.a(*)
 libm.a(*)
 libgcc.a(*)
OUTPUT(build/final.elf elf32-littlearm)
LOAD linker stubs
LOAD d:/arm_development/10 2020-q4-major/bin/../lib/gcc/arm-none-eabi/10.2.1/../../../../arm-none-eabi/lib/thumb/v7-m/nofp\libc.a
LOAD d:/arm_development/10 2020-q4-major/bin/../lib/gcc/arm-none-eabi/10.2.1/../../../../arm-none-eabi/lib/thumb/v7-m/nofp\libm.a
LOAD d:/arm_development/10 2020-q4-major/bin/../lib/gcc/arm-none-eabi/10.2.1/thumb/v7-m/nofp\libgcc.a

.debug_info     0x00000000      0x519
 .debug_info    0x00000000       0x82 build/main.o
 .debug_info    0x00000082      0x475 build/system_stm32f10x.o
 .debug_info    0x000004f7       0x22 build/startup_stm32f10x_md.o

.debug_abbrev   0x00000000      0x206
 .debug_abbrev  0x00000000       0x46 build/main.o
 .debug_abbrev  0x00000046      0x1ae build/system_stm32f10x.o
 .debug_abbrev  0x000001f4       0x12 build/startup_stm32f10x_md.o

.debug_aranges  0x00000000       0x68
 .debug_aranges
                0x00000000       0x20 build/main.o
 .debug_aranges
                0x00000020       0x20 build/system_stm32f10x.o
 .debug_aranges
                0x00000040       0x28 build/startup_stm32f10x_md.o

.debug_line     0x00000000      0x388
 .debug_line    0x00000000       0x41 build/main.o
 .debug_line    0x00000041      0x2c1 build/system_stm32f10x.o
 .debug_line    0x00000302       0x86 build/startup_stm32f10x_md.o

.debug_str      0x00000000      0x2d9
 .debug_str     0x00000000      0x11e build/main.o
                                0x152 (size before relaxing)
 .debug_str     0x0000011e      0x183 build/system_stm32f10x.o
                                0x2e4 (size before relaxing)
 .debug_str     0x000002a1       0x38 build/startup_stm32f10x_md.o
                                 0x70 (size before relaxing)

.comment        0x00000000       0x4d
 .comment       0x00000000       0x4d build/main.o
                                 0x4e (size before relaxing)
 .comment       0x0000004d       0x4e build/system_stm32f10x.o

.debug_frame    0x00000000      0x154
 .debug_frame   0x00000000       0x28 build/main.o
 .debug_frame   0x00000028       0x98 build/system_stm32f10x.o
 .debug_frame   0x000000c0       0x28 d:/arm_development/10 2020-q4-major/bin/../lib/gcc/arm-none-eabi/10.2.1/../../../../arm-none-eabi/lib/thumb/v7-m/nofp\libg_nano.a(lib_a-exit.o)
 .debug_frame   0x000000e8       0x2c d:/arm_development/10 2020-q4-major/bin/../lib/gcc/arm-none-eabi/10.2.1/../../../../arm-none-eabi/lib/thumb/v7-m/nofp\libg_nano.a(lib_a-init.o)
 .debug_frame   0x00000114       0x20 d:/arm_development/10 2020-q4-major/bin/../lib/gcc/arm-none-eabi/10.2.1/../../../../arm-none-eabi/lib/thumb/v7-m/nofp\libg_nano.a(lib_a-memset.o)
 .debug_frame   0x00000134       0x20 d:/arm_development/10 2020-q4-major/bin/../lib/gcc/arm-none-eabi/10.2.1/../../../../arm-none-eabi/lib/thumb/v7-m/nofp\libnosys.a(_exit.o)

.debug_ranges   0x00000000       0x20
 .debug_ranges  0x00000000       0x20 build/startup_stm32f10x_md.o
