Archive member included to satisfy reference by file (symbol)

d:/arm_development/10 2020-q4-major/bin/../lib/gcc/arm-none-eabi/10.2.1/../../../../arm-none-eabi/lib/thumb/v7e-m/nofp\libg_nano.a(lib_a-exit.o)
                              d:/arm_development/10 2020-q4-major/bin/../lib/gcc/arm-none-eabi/10.2.1/../../../../arm-none-eabi/lib/thumb/v7e-m/nofp/crt0.o (exit)
d:/arm_development/10 2020-q4-major/bin/../lib/gcc/arm-none-eabi/10.2.1/../../../../arm-none-eabi/lib/thumb/v7e-m/nofp\libg_nano.a(lib_a-impure.o)
                              d:/arm_development/10 2020-q4-major/bin/../lib/gcc/arm-none-eabi/10.2.1/../../../../arm-none-eabi/lib/thumb/v7e-m/nofp\libg_nano.a(lib_a-exit.o) (_global_impure_ptr)
d:/arm_development/10 2020-q4-major/bin/../lib/gcc/arm-none-eabi/10.2.1/../../../../arm-none-eabi/lib/thumb/v7e-m/nofp\libg_nano.a(lib_a-init.o)
                              d:/arm_development/10 2020-q4-major/bin/../lib/gcc/arm-none-eabi/10.2.1/../../../../arm-none-eabi/lib/thumb/v7e-m/nofp/crt0.o (__libc_init_array)
d:/arm_development/10 2020-q4-major/bin/../lib/gcc/arm-none-eabi/10.2.1/../../../../arm-none-eabi/lib/thumb/v7e-m/nofp\libg_nano.a(lib_a-memset.o)
                              d:/arm_development/10 2020-q4-major/bin/../lib/gcc/arm-none-eabi/10.2.1/../../../../arm-none-eabi/lib/thumb/v7e-m/nofp/crt0.o (memset)
d:/arm_development/10 2020-q4-major/bin/../lib/gcc/arm-none-eabi/10.2.1/../../../../arm-none-eabi/lib/thumb/v7e-m/nofp\libnosys.a(_exit.o)
                              d:/arm_development/10 2020-q4-major/bin/../lib/gcc/arm-none-eabi/10.2.1/../../../../arm-none-eabi/lib/thumb/v7e-m/nofp\libg_nano.a(lib_a-exit.o) (_exit)

Memory Configuration

Name             Origin             Length             Attributes
FLASH            0x08000000         0x00040000         xr
RAM              0x20000000         0x00010000         xrw
*default*        0x00000000         0xffffffff

Linker script and memory map

LOAD d:/arm_development/10 2020-q4-major/bin/../lib/gcc/arm-none-eabi/10.2.1/thumb/v7e-m/nofp/crti.o
LOAD d:/arm_development/10 2020-q4-major/bin/../lib/gcc/arm-none-eabi/10.2.1/thumb/v7e-m/nofp/crtbegin.o
LOAD d:/arm_development/10 2020-q4-major/bin/../lib/gcc/arm-none-eabi/10.2.1/../../../../arm-none-eabi/lib/thumb/v7e-m/nofp/crt0.o
LOAD build/logging.o
LOAD build/main.o
LOAD build/usart.o
LOAD build/misc.o
LOAD build/stm32f4xx_adc.o
LOAD build/stm32f4xx_gpio.o
LOAD build/stm32f4xx_rcc.o
LOAD build/stm32f4xx_tim.o
LOAD build/stm32f4xx_usart.o
LOAD build/system_stm32f4xx.o
LOAD build/startup_stm32f401xx.o
START GROUP
LOAD d:/arm_development/10 2020-q4-major/bin/../lib/gcc/arm-none-eabi/10.2.1/thumb/v7e-m/nofp\libgcc.a
LOAD d:/arm_development/10 2020-q4-major/bin/../lib/gcc/arm-none-eabi/10.2.1/../../../../arm-none-eabi/lib/thumb/v7e-m/nofp\libg_nano.a
LOAD d:/arm_development/10 2020-q4-major/bin/../lib/gcc/arm-none-eabi/10.2.1/../../../../arm-none-eabi/lib/thumb/v7e-m/nofp\libc_nano.a
END GROUP
START GROUP
LOAD d:/arm_development/10 2020-q4-major/bin/../lib/gcc/arm-none-eabi/10.2.1/thumb/v7e-m/nofp\libgcc.a
LOAD d:/arm_development/10 2020-q4-major/bin/../lib/gcc/arm-none-eabi/10.2.1/../../../../arm-none-eabi/lib/thumb/v7e-m/nofp\libc_nano.a
LOAD d:/arm_development/10 2020-q4-major/bin/../lib/gcc/arm-none-eabi/10.2.1/../../../../arm-none-eabi/lib/thumb/v7e-m/nofp\libnosys.a
END GROUP
START GROUP
LOAD d:/arm_development/10 2020-q4-major/bin/../lib/gcc/arm-none-eabi/10.2.1/thumb/v7e-m/nofp\libgcc.a
LOAD d:/arm_development/10 2020-q4-major/bin/../lib/gcc/arm-none-eabi/10.2.1/../../../../arm-none-eabi/lib/thumb/v7e-m/nofp\libc_nano.a
LOAD d:/arm_development/10 2020-q4-major/bin/../lib/gcc/arm-none-eabi/10.2.1/../../../../arm-none-eabi/lib/thumb/v7e-m/nofp\libnosys.a
END GROUP
LOAD d:/arm_development/10 2020-q4-major/bin/../lib/gcc/arm-none-eabi/10.2.1/thumb/v7e-m/nofp/crtend.o
LOAD d:/arm_development/10 2020-q4-major/bin/../lib/gcc/arm-none-eabi/10.2.1/thumb/v7e-m/nofp/crtn.o
                0x20010000                _estack = 0x20010000
                0x00000200                _Min_Heap_Size = 0x200
                0x00000400                _Min_Stack_Size = 0x400

.isr_vector     0x08000000      0x194
                0x08000000                . = ALIGN (0x4)
 *(.isr_vector)
 .isr_vector    0x08000000      0x194 build/startup_stm32f401xx.o
                0x08000000                g_pfnVectors
                0x08000194                . = ALIGN (0x4)

.text           0x08000194     0x4da8
                0x08000194                . = ALIGN (0x4)
 *(.text)
 .text          0x08000194        0x0 d:/arm_development/10 2020-q4-major/bin/../lib/gcc/arm-none-eabi/10.2.1/thumb/v7e-m/nofp/crti.o
 .text          0x08000194       0x40 d:/arm_development/10 2020-q4-major/bin/../lib/gcc/arm-none-eabi/10.2.1/thumb/v7e-m/nofp/crtbegin.o
 .text          0x080001d4       0x7c d:/arm_development/10 2020-q4-major/bin/../lib/gcc/arm-none-eabi/10.2.1/../../../../arm-none-eabi/lib/thumb/v7e-m/nofp/crt0.o
                0x080001d4                _stack_init
                0x080001dc                _start
                0x080001dc                _mainCRTStartup
 .text          0x08000250      0x448 build/logging.o
                0x08000250                enableLogging
                0x0800025c                print
 .text          0x08000698      0x454 build/main.o
                0x08000698                delayMs
                0x080006d0                main
                0x08000778                get_timer_clock_frequency
                0x080007d4                configADC
                0x0800086c                configTIM1
                0x08000878                configTIM2
                0x08000884                configTIM3
                0x080009ec                configTIM4
                0x08000aa4                TIM4_IRQHandler
 .text          0x08000aec       0x88 build/usart.o
                0x08000aec                configureUsart
 .text          0x08000b74      0x18c build/misc.o
                0x08000b74                NVIC_PriorityGroupConfig
                0x08000b98                NVIC_Init
                0x08000c5c                NVIC_SetVectorTable
                0x08000c88                NVIC_SystemLPConfig
                0x08000cc8                SysTick_CLKSourceConfig
 .text          0x08000d00      0xa50 build/stm32f4xx_adc.o
                0x08000d00                ADC_DeInit
                0x08000d1c                ADC_Init
                0x08000dc4                ADC_StructInit
                0x08000e00                ADC_CommonInit
                0x08000e50                ADC_CommonStructInit
                0x08000e7a                ADC_Cmd
                0x08000eb0                ADC_AnalogWatchdogCmd
                0x08000ee8                ADC_AnalogWatchdogThresholdsConfig
                0x08000f0e                ADC_AnalogWatchdogSingleChannelConfig
                0x08000f44                ADC_TempSensorVrefintCmd
                0x08000f7c                ADC_VBATCmd
                0x08000fb4                ADC_RegularChannelConfig
                0x08001146                ADC_SoftwareStartConv
                0x08001164                ADC_GetSoftwareStartConvStatus
                0x08001192                ADC_EOCOnEachRegularChannelCmd
                0x080011c8                ADC_ContinuousModeCmd
                0x080011fe                ADC_DiscModeChannelCountConfig
                0x08001240                ADC_DiscModeCmd
                0x08001276                ADC_GetConversionValue
                0x0800128e                ADC_GetMultiModeConversionValue
                0x080012a4                ADC_DMACmd
                0x080012da                ADC_DMARequestAfterLastTransferCmd
                0x08001310                ADC_MultiModeDMARequestAfterLastTransferCmd
                0x08001348                ADC_InjectedChannelConfig
                0x08001468                ADC_InjectedSequencerLengthConfig
                0x080014aa                ADC_SetInjectedOffset
                0x080014dc                ADC_ExternalTrigInjectedConvConfig
                0x08001510                ADC_ExternalTrigInjectedConvEdgeConfig
                0x08001544                ADC_SoftwareStartInjectedConv
                0x08001562                ADC_GetSoftwareStartInjectedConvCmdStatus
                0x08001590                ADC_AutoInjectedConvCmd
                0x080015c6                ADC_InjectedDiscModeCmd
                0x080015fc                ADC_GetInjectedConversionValue
                0x0800162a                ADC_ITConfig
                0x0800167a                ADC_GetFlagStatus
                0x080016ac                ADC_ClearFlag
                0x080016ca                ADC_GetITStatus
                0x08001724                ADC_ClearITPendingBit
 .text          0x08001750      0x4bc build/stm32f4xx_gpio.o
                0x08001750                GPIO_DeInit
                0x080018b4                GPIO_Init
                0x080019d0                GPIO_StructInit
                0x08001a02                GPIO_PinLockConfig
                0x08001a44                GPIO_ReadInputDataBit
                0x08001a76                GPIO_ReadInputData
                0x08001a8e                GPIO_ReadOutputDataBit
                0x08001ac0                GPIO_ReadOutputData
                0x08001ad8                GPIO_SetBits
                0x08001af4                GPIO_ResetBits
                0x08001b10                GPIO_WriteBit
                0x08001b3e                GPIO_Write
                0x08001b5a                GPIO_ToggleBits
                0x08001b7c                GPIO_PinAFConfig
 .text          0x08001c0c      0xb3c build/stm32f4xx_rcc.o
                0x08001c0c                RCC_DeInit
                0x08001c70                RCC_HSEConfig
                0x08001c94                RCC_WaitForHSEStartUp
                0x08001ce4                RCC_AdjustHSICalibrationValue
                0x08001d20                RCC_HSICmd
                0x08001d40                RCC_LSEConfig
                0x08001d80                RCC_LSICmd
                0x08001da0                RCC_PLLConfig
                0x08001ddc                RCC_PLLCmd
                0x08001dfc                RCC_PLLI2SConfig
                0x08001e24                RCC_PLLI2SCmd
                0x08001e44                RCC_PLLSAIConfig
                0x08001e74                RCC_PLLSAICmd
                0x08001e94                RCC_ClockSecuritySystemCmd
                0x08001eb4                RCC_MCO1Config
                0x08001ef0                RCC_MCO2Config
                0x08001f2c                RCC_SYSCLKConfig
                0x08001f64                RCC_GetSYSCLKSource
                0x08001f80                RCC_HCLKConfig
                0x08001fb8                RCC_PCLK1Config
                0x08001ff0                RCC_PCLK2Config
                0x08002028                RCC_GetClocksFreq
                0x08002184                RCC_RTCCLKConfig
                0x080021e0                RCC_RTCCLKCmd
                0x08002200                RCC_BackupResetCmd
                0x08002220                RCC_I2SCLKConfig
                0x0800223c                RCC_SAIPLLI2SClkDivConfig
                0x08002278                RCC_SAIPLLSAIClkDivConfig
                0x080022b8                RCC_LTDCCLKDivConfig
                0x080022f4                RCC_TIMCLKPresConfig
                0x08002310                RCC_AHB1PeriphClockCmd
                0x0800234c                RCC_AHB2PeriphClockCmd
                0x08002388                RCC_APB1PeriphClockCmd
                0x080023c4                RCC_APB2PeriphClockCmd
                0x08002400                RCC_AHB1PeriphResetCmd
                0x0800243c                RCC_AHB2PeriphResetCmd
                0x08002478                RCC_APB1PeriphResetCmd
                0x080024b4                RCC_APB2PeriphResetCmd
                0x080024f0                RCC_AHB1PeriphClockLPModeCmd
                0x0800252c                RCC_AHB2PeriphClockLPModeCmd
                0x08002568                RCC_APB1PeriphClockLPModeCmd
                0x080025a4                RCC_APB2PeriphClockLPModeCmd
                0x080025e0                RCC_LSEModeConfig
                0x08002618                RCC_ITConfig
                0x08002664                RCC_GetFlagStatus
                0x080026d8                RCC_ClearFlag
                0x080026f4                RCC_GetITStatus
                0x08002728                RCC_ClearITPendingBit
 .text          0x08002748     0x1b70 build/stm32f4xx_tim.o
                0x08002748                TIM_DeInit
                0x08002908                TIM_TimeBaseInit
                0x080029dc                TIM_TimeBaseStructInit
                0x08002a0e                TIM_PrescalerConfig
                0x08002a34                TIM_CounterModeConfig
                0x08002a6a                TIM_SetCounter
                0x08002a84                TIM_SetAutoreload
                0x08002a9e                TIM_GetCounter
                0x08002ab4                TIM_GetPrescaler
                0x08002acc                TIM_UpdateDisableConfig
                0x08002b0a                TIM_UpdateRequestConfig
                0x08002b48                TIM_ARRPreloadConfig
                0x08002b86                TIM_SelectOnePulseMode
                0x08002bbc                TIM_SetClockDivision
                0x08002bf2                TIM_Cmd
                0x08002c30                TIM_OC1Init
                0x08002d24                TIM_OC2Init
                0x08002e34                TIM_OC3Init
                0x08002f40                TIM_OC4Init
                0x0800300c                TIM_OCStructInit
                0x0800304e                TIM_SelectOCxM
                0x08003102                TIM_SetCompare1
                0x0800311c                TIM_SetCompare2
                0x08003136                TIM_SetCompare3
                0x08003150                TIM_SetCompare4
                0x0800316a                TIM_ForcedOC1Config
                0x080031a0                TIM_ForcedOC2Config
                0x080031da                TIM_ForcedOC3Config
                0x08003210                TIM_ForcedOC4Config
                0x0800324a                TIM_OC1PreloadConfig
                0x08003280                TIM_OC2PreloadConfig
                0x080032ba                TIM_OC3PreloadConfig
                0x080032f0                TIM_OC4PreloadConfig
                0x0800332a                TIM_OC1FastConfig
                0x08003360                TIM_OC2FastConfig
                0x0800339a                TIM_OC3FastConfig
                0x080033d0                TIM_OC4FastConfig
                0x0800340a                TIM_ClearOC1Ref
                0x08003440                TIM_ClearOC2Ref
                0x0800347a                TIM_ClearOC3Ref
                0x080034b0                TIM_ClearOC4Ref
                0x080034ea                TIM_OC1PolarityConfig
                0x08003520                TIM_OC1NPolarityConfig
                0x08003556                TIM_OC2PolarityConfig
                0x08003590                TIM_OC2NPolarityConfig
                0x080035ca                TIM_OC3PolarityConfig
                0x08003604                TIM_OC3NPolarityConfig
                0x0800363e                TIM_OC4PolarityConfig
                0x08003678                TIM_CCxCmd
                0x080036cc                TIM_CCxNCmd
                0x08003720                TIM_ICInit
                0x080037c8                TIM_ICStructInit
                0x080037f8                TIM_PWMIConfig
                0x080038b0                TIM_GetCapture1
                0x080038c6                TIM_GetCapture2
                0x080038dc                TIM_GetCapture3
                0x080038f2                TIM_GetCapture4
                0x08003908                TIM_SetIC1Prescaler
                0x0800393e                TIM_SetIC2Prescaler
                0x08003978                TIM_SetIC3Prescaler
                0x080039ae                TIM_SetIC4Prescaler
                0x080039e8                TIM_BDTRConfig
                0x08003a36                TIM_BDTRStructInit
                0x08003a72                TIM_CtrlPWMOutputs
                0x08003abc                TIM_SelectCOM
                0x08003afa                TIM_CCPreloadControl
                0x08003b38                TIM_ITConfig
                0x08003b7e                TIM_GenerateEvent
                0x08003b9a                TIM_GetFlagStatus
                0x08003bd0                TIM_ClearFlag
                0x08003bf0                TIM_GetITStatus
                0x08003c42                TIM_ClearITPendingBit
                0x08003c62                TIM_DMAConfig
                0x08003c8a                TIM_DMACmd
                0x08003cd0                TIM_SelectCCDMA
                0x08003d0e                TIM_InternalClockConfig
                0x08003d30                TIM_ITRxExternalClockConfig
                0x08003d5e                TIM_TIxExternalClockConfig
                0x08003dba                TIM_ETRClockMode1Config
                0x08003e18                TIM_ETRClockMode2Config
                0x08003e56                TIM_SelectInputTrigger
                0x08003e8c                TIM_SelectOutputTrigger
                0x08003ec2                TIM_SelectSlaveMode
                0x08003ef8                TIM_SelectMasterSlaveMode
                0x08003f2e                TIM_ETRConfig
                0x08003f80                TIM_EncoderInterfaceConfig
                0x08004016                TIM_SelectHallSensor
                0x08004054                TIM_RemapConfig
 .text          0x080042b8      0x938 build/stm32f4xx_usart.o
                0x080042b8                USART_DeInit
                0x080043d0                USART_Init
                0x08004544                USART_StructInit
                0x0800457c                USART_ClockInit
                0x080045d0                USART_ClockStructInit
                0x080045fa                USART_Cmd
                0x08004638                USART_SetPrescaler
                0x08004670                USART_OverSampling8Cmd
                0x080046b2                USART_OneBitMethodCmd
                0x080046f0                USART_SendData
                0x08004712                USART_ReceiveData
                0x08004730                USART_SetAddress
                0x08004768                USART_ReceiverWakeUpCmd
                0x080047a6                USART_WakeUpConfig
                0x080047dc                USART_LINBreakDetectLengthConfig
                0x08004812                USART_LINCmd
                0x08004850                USART_SendBreak
                0x08004872                USART_HalfDuplexCmd
                0x080048b0                USART_SetGuardTime
                0x080048ea                USART_SmartCardCmd
                0x08004928                USART_SmartCardNACKCmd
                0x08004966                USART_IrDAConfig
                0x0800499c                USART_IrDACmd
                0x080049da                USART_DMACmd
                0x08004a20                USART_ITConfig
                0x08004aae                USART_GetFlagStatus
                0x08004ae4                USART_ClearFlag
                0x08004b04                USART_GetITStatus
                0x08004bb8                USART_ClearITPendingBit
 .text          0x08004bf0      0x24c build/system_stm32f4xx.o
                0x08004bf0                SystemInit
                0x08004c4c                SystemCoreClockUpdate
 .text          0x08004e3c       0x14 build/startup_stm32f401xx.o
 .text          0x08004e50        0x0 d:/arm_development/10 2020-q4-major/bin/../lib/gcc/arm-none-eabi/10.2.1/../../../../arm-none-eabi/lib/thumb/v7e-m/nofp\libg_nano.a(lib_a-exit.o)
 .text          0x08004e50        0x0 d:/arm_development/10 2020-q4-major/bin/../lib/gcc/arm-none-eabi/10.2.1/../../../../arm-none-eabi/lib/thumb/v7e-m/nofp\libg_nano.a(lib_a-impure.o)
 .text          0x08004e50        0x0 d:/arm_development/10 2020-q4-major/bin/../lib/gcc/arm-none-eabi/10.2.1/../../../../arm-none-eabi/lib/thumb/v7e-m/nofp\libg_nano.a(lib_a-init.o)
 .text          0x08004e50        0x0 d:/arm_development/10 2020-q4-major/bin/../lib/gcc/arm-none-eabi/10.2.1/../../../../arm-none-eabi/lib/thumb/v7e-m/nofp\libg_nano.a(lib_a-memset.o)
 .text          0x08004e50        0x0 d:/arm_development/10 2020-q4-major/bin/../lib/gcc/arm-none-eabi/10.2.1/../../../../arm-none-eabi/lib/thumb/v7e-m/nofp\libnosys.a(_exit.o)
 .text          0x08004e50        0x0 d:/arm_development/10 2020-q4-major/bin/../lib/gcc/arm-none-eabi/10.2.1/thumb/v7e-m/nofp/crtend.o
 .text          0x08004e50        0x0 d:/arm_development/10 2020-q4-major/bin/../lib/gcc/arm-none-eabi/10.2.1/thumb/v7e-m/nofp/crtn.o
 *(.text*)
 .text.Reset_Handler
                0x08004e50       0x48 build/startup_stm32f401xx.o
                0x08004e50                Reset_Handler
 .text.Default_Handler
                0x08004e98        0x2 build/startup_stm32f401xx.o
                0x08004e98                RTC_Alarm_IRQHandler
                0x08004e98                EXTI2_IRQHandler
                0x08004e98                DebugMon_Handler
                0x08004e98                SPI4_IRQHandler
                0x08004e98                TIM1_CC_IRQHandler
                0x08004e98                DMA2_Stream5_IRQHandler
                0x08004e98                HardFault_Handler
                0x08004e98                DMA1_Stream5_IRQHandler
                0x08004e98                SysTick_Handler
                0x08004e98                PVD_IRQHandler
                0x08004e98                SDIO_IRQHandler
                0x08004e98                TAMP_STAMP_IRQHandler
                0x08004e98                PendSV_Handler
                0x08004e98                NMI_Handler
                0x08004e98                EXTI3_IRQHandler
                0x08004e98                TIM1_UP_TIM10_IRQHandler
                0x08004e98                I2C3_ER_IRQHandler
                0x08004e98                EXTI0_IRQHandler
                0x08004e98                I2C2_EV_IRQHandler
                0x08004e98                DMA1_Stream2_IRQHandler
                0x08004e98                FPU_IRQHandler
                0x08004e98                UsageFault_Handler
                0x08004e98                DMA2_Stream2_IRQHandler
                0x08004e98                SPI1_IRQHandler
                0x08004e98                TIM1_BRK_TIM9_IRQHandler
                0x08004e98                DMA2_Stream3_IRQHandler
                0x08004e98                USART6_IRQHandler
                0x08004e98                DMA2_Stream0_IRQHandler
                0x08004e98                I2C1_EV_IRQHandler
                0x08004e98                DMA1_Stream6_IRQHandler
                0x08004e98                DMA1_Stream1_IRQHandler
                0x08004e98                TIM3_IRQHandler
                0x08004e98                RCC_IRQHandler
                0x08004e98                Default_Handler
                0x08004e98                EXTI15_10_IRQHandler
                0x08004e98                ADC_IRQHandler
                0x08004e98                DMA1_Stream7_IRQHandler
                0x08004e98                TIM5_IRQHandler
                0x08004e98                DMA2_Stream7_IRQHandler
                0x08004e98                I2C3_EV_IRQHandler
                0x08004e98                EXTI9_5_IRQHandler
                0x08004e98                RTC_WKUP_IRQHandler
                0x08004e98                SPI2_IRQHandler
                0x08004e98                MemManage_Handler
                0x08004e98                DMA1_Stream0_IRQHandler
                0x08004e98                SVC_Handler
                0x08004e98                EXTI4_IRQHandler
                0x08004e98                WWDG_IRQHandler
                0x08004e98                TIM2_IRQHandler
                0x08004e98                OTG_FS_WKUP_IRQHandler
                0x08004e98                TIM1_TRG_COM_TIM11_IRQHandler
                0x08004e98                EXTI1_IRQHandler
                0x08004e98                USART2_IRQHandler
                0x08004e98                I2C2_ER_IRQHandler
                0x08004e98                DMA2_Stream1_IRQHandler
                0x08004e98                FLASH_IRQHandler
                0x08004e98                DMA2_Stream4_IRQHandler
                0x08004e98                BusFault_Handler
                0x08004e98                USART1_IRQHandler
                0x08004e98                OTG_FS_IRQHandler
                0x08004e98                SPI3_IRQHandler
                0x08004e98                DMA1_Stream4_IRQHandler
                0x08004e98                I2C1_ER_IRQHandler
                0x08004e98                DMA2_Stream6_IRQHandler
                0x08004e98                DMA1_Stream3_IRQHandler
 *fill*         0x08004e9a        0x2 
 .text.exit     0x08004e9c       0x28 d:/arm_development/10 2020-q4-major/bin/../lib/gcc/arm-none-eabi/10.2.1/../../../../arm-none-eabi/lib/thumb/v7e-m/nofp\libg_nano.a(lib_a-exit.o)
                0x08004e9c                exit
 .text.__libc_init_array
                0x08004ec4       0x48 d:/arm_development/10 2020-q4-major/bin/../lib/gcc/arm-none-eabi/10.2.1/../../../../arm-none-eabi/lib/thumb/v7e-m/nofp\libg_nano.a(lib_a-init.o)
                0x08004ec4                __libc_init_array
 .text.memset   0x08004f0c       0x10 d:/arm_development/10 2020-q4-major/bin/../lib/gcc/arm-none-eabi/10.2.1/../../../../arm-none-eabi/lib/thumb/v7e-m/nofp\libg_nano.a(lib_a-memset.o)
                0x08004f0c                memset
 .text._exit    0x08004f1c        0x4 d:/arm_development/10 2020-q4-major/bin/../lib/gcc/arm-none-eabi/10.2.1/../../../../arm-none-eabi/lib/thumb/v7e-m/nofp\libnosys.a(_exit.o)
                0x08004f1c                _exit
 *(.glue_7)
 .glue_7        0x08004f20        0x0 linker stubs
 *(.glue_7t)
 .glue_7t       0x08004f20        0x0 linker stubs
 *(.eh_frame)
 .eh_frame      0x08004f20        0x0 d:/arm_development/10 2020-q4-major/bin/../lib/gcc/arm-none-eabi/10.2.1/thumb/v7e-m/nofp/crtbegin.o
 .eh_frame      0x08004f20        0x4 d:/arm_development/10 2020-q4-major/bin/../lib/gcc/arm-none-eabi/10.2.1/thumb/v7e-m/nofp/crtend.o
 *(.init)
 .init          0x08004f24        0x4 d:/arm_development/10 2020-q4-major/bin/../lib/gcc/arm-none-eabi/10.2.1/thumb/v7e-m/nofp/crti.o
                0x08004f24                _init
 .init          0x08004f28        0x8 d:/arm_development/10 2020-q4-major/bin/../lib/gcc/arm-none-eabi/10.2.1/thumb/v7e-m/nofp/crtn.o
 *(.fini)
 .fini          0x08004f30        0x4 d:/arm_development/10 2020-q4-major/bin/../lib/gcc/arm-none-eabi/10.2.1/thumb/v7e-m/nofp/crti.o
                0x08004f30                _fini
 .fini          0x08004f34        0x8 d:/arm_development/10 2020-q4-major/bin/../lib/gcc/arm-none-eabi/10.2.1/thumb/v7e-m/nofp/crtn.o
                0x08004f3c                . = ALIGN (0x4)
                0x08004f3c                _etext = .

.vfp11_veneer   0x08004f3c        0x0
 .vfp11_veneer  0x08004f3c        0x0 linker stubs

.v4_bx          0x08004f3c        0x0
 .v4_bx         0x08004f3c        0x0 linker stubs

.iplt           0x08004f3c        0x0
 .iplt          0x08004f3c        0x0 d:/arm_development/10 2020-q4-major/bin/../lib/gcc/arm-none-eabi/10.2.1/thumb/v7e-m/nofp/crtbegin.o

.rodata         0x08004f3c       0x6c
                0x08004f3c                . = ALIGN (0x4)
 *(.rodata)
 .rodata        0x08004f3c       0x24 d:/arm_development/10 2020-q4-major/bin/../lib/gcc/arm-none-eabi/10.2.1/thumb/v7e-m/nofp/crtbegin.o
 .rodata        0x08004f60       0x1e build/logging.o
 *fill*         0x08004f7e        0x2 
 .rodata        0x08004f80       0x24 d:/arm_development/10 2020-q4-major/bin/../lib/gcc/arm-none-eabi/10.2.1/thumb/v7e-m/nofp/crtend.o
 *(.rodata*)
 .rodata._global_impure_ptr
                0x08004fa4        0x4 d:/arm_development/10 2020-q4-major/bin/../lib/gcc/arm-none-eabi/10.2.1/../../../../arm-none-eabi/lib/thumb/v7e-m/nofp\libg_nano.a(lib_a-impure.o)
                0x08004fa4                _global_impure_ptr
                0x08004fa8                . = ALIGN (0x4)

.ARM.extab      0x08004fa8        0x0
 *(.ARM.extab* .gnu.linkonce.armextab.*)
 .ARM.extab     0x08004fa8        0x0 d:/arm_development/10 2020-q4-major/bin/../lib/gcc/arm-none-eabi/10.2.1/../../../../arm-none-eabi/lib/thumb/v7e-m/nofp/crt0.o

.ARM            0x08004fa8        0x8
                0x08004fa8                __exidx_start = .
 *(.ARM.exidx*)
 .ARM.exidx     0x08004fa8        0x8 d:/arm_development/10 2020-q4-major/bin/../lib/gcc/arm-none-eabi/10.2.1/../../../../arm-none-eabi/lib/thumb/v7e-m/nofp/crt0.o
                                 0x10 (size before relaxing)
                0x08004fb0                __exidx_end = .

.rel.dyn        0x08004fb0        0x0
 .rel.iplt      0x08004fb0        0x0 d:/arm_development/10 2020-q4-major/bin/../lib/gcc/arm-none-eabi/10.2.1/thumb/v7e-m/nofp/crtbegin.o

.preinit_array  0x08004fb0        0x0
                0x08004fb0                PROVIDE (__preinit_array_start = .)
 *(.preinit_array*)
                0x08004fb0                PROVIDE (__preinit_array_end = .)

.init_array     0x08004fb0        0x4
                0x08004fb0                PROVIDE (__init_array_start = .)
 *(SORT_BY_NAME(.init_array.*))
 *(.init_array*)
 .init_array    0x08004fb0        0x4 d:/arm_development/10 2020-q4-major/bin/../lib/gcc/arm-none-eabi/10.2.1/thumb/v7e-m/nofp/crtbegin.o
                0x08004fb4                PROVIDE (__init_array_end = .)

.fini_array     0x08004fb4        0x4
                [!provide]                PROVIDE (__fini_array_start = .)
 *(SORT_BY_NAME(.fini_array.*))
 *(.fini_array*)
 .fini_array    0x08004fb4        0x4 d:/arm_development/10 2020-q4-major/bin/../lib/gcc/arm-none-eabi/10.2.1/thumb/v7e-m/nofp/crtbegin.o
                [!provide]                PROVIDE (__fini_array_end = .)
                0x08004fb8                _sidata = LOADADDR (.data)

.data           0x20000000       0x98 load address 0x08004fb8
                0x20000000                . = ALIGN (0x4)
                0x20000000                _sdata = .
 *(.data)
 .data          0x20000000        0x0 d:/arm_development/10 2020-q4-major/bin/../lib/gcc/arm-none-eabi/10.2.1/thumb/v7e-m/nofp/crti.o
 .data          0x20000000        0x4 d:/arm_development/10 2020-q4-major/bin/../lib/gcc/arm-none-eabi/10.2.1/thumb/v7e-m/nofp/crtbegin.o
                0x20000000                __dso_handle
 .data          0x20000004        0x0 d:/arm_development/10 2020-q4-major/bin/../lib/gcc/arm-none-eabi/10.2.1/../../../../arm-none-eabi/lib/thumb/v7e-m/nofp/crt0.o
 .data          0x20000004        0x0 build/logging.o
 .data          0x20000004        0xa build/main.o
                0x20000004                PWM_Frequency
                0x20000008                PWM_Steps
                0x2000000c                TimerPeriod
 .data          0x2000000e        0x0 build/usart.o
 .data          0x2000000e        0x0 build/misc.o
 .data          0x2000000e        0x0 build/stm32f4xx_adc.o
 .data          0x2000000e        0x0 build/stm32f4xx_gpio.o
 *fill*         0x2000000e        0x2 
 .data          0x20000010       0x10 build/stm32f4xx_rcc.o
 .data          0x20000020        0x0 build/stm32f4xx_tim.o
 .data          0x20000020        0x0 build/stm32f4xx_usart.o
 .data          0x20000020       0x14 build/system_stm32f4xx.o
                0x20000020                SystemCoreClock
                0x20000024                AHBPrescTable
 .data          0x20000034        0x0 build/startup_stm32f401xx.o
 .data          0x20000034        0x0 d:/arm_development/10 2020-q4-major/bin/../lib/gcc/arm-none-eabi/10.2.1/../../../../arm-none-eabi/lib/thumb/v7e-m/nofp\libg_nano.a(lib_a-exit.o)
 .data          0x20000034        0x0 d:/arm_development/10 2020-q4-major/bin/../lib/gcc/arm-none-eabi/10.2.1/../../../../arm-none-eabi/lib/thumb/v7e-m/nofp\libg_nano.a(lib_a-impure.o)
 .data          0x20000034        0x0 d:/arm_development/10 2020-q4-major/bin/../lib/gcc/arm-none-eabi/10.2.1/../../../../arm-none-eabi/lib/thumb/v7e-m/nofp\libg_nano.a(lib_a-init.o)
 .data          0x20000034        0x0 d:/arm_development/10 2020-q4-major/bin/../lib/gcc/arm-none-eabi/10.2.1/../../../../arm-none-eabi/lib/thumb/v7e-m/nofp\libg_nano.a(lib_a-memset.o)
 .data          0x20000034        0x0 d:/arm_development/10 2020-q4-major/bin/../lib/gcc/arm-none-eabi/10.2.1/../../../../arm-none-eabi/lib/thumb/v7e-m/nofp\libnosys.a(_exit.o)
 .data          0x20000034        0x0 d:/arm_development/10 2020-q4-major/bin/../lib/gcc/arm-none-eabi/10.2.1/thumb/v7e-m/nofp/crtend.o
 .data          0x20000034        0x0 d:/arm_development/10 2020-q4-major/bin/../lib/gcc/arm-none-eabi/10.2.1/thumb/v7e-m/nofp/crtn.o
 *(.data*)
 .data._impure_ptr
                0x20000034        0x4 d:/arm_development/10 2020-q4-major/bin/../lib/gcc/arm-none-eabi/10.2.1/../../../../arm-none-eabi/lib/thumb/v7e-m/nofp\libg_nano.a(lib_a-impure.o)
                0x20000034                _impure_ptr
 .data.impure_data
                0x20000038       0x60 d:/arm_development/10 2020-q4-major/bin/../lib/gcc/arm-none-eabi/10.2.1/../../../../arm-none-eabi/lib/thumb/v7e-m/nofp\libg_nano.a(lib_a-impure.o)
                0x20000098                . = ALIGN (0x4)
                0x20000098                _edata = .

.igot.plt       0x20000098        0x0 load address 0x08005050
 .igot.plt      0x20000098        0x0 d:/arm_development/10 2020-q4-major/bin/../lib/gcc/arm-none-eabi/10.2.1/thumb/v7e-m/nofp/crtbegin.o
                0x20000098                . = ALIGN (0x4)

.bss            0x20000098       0x50 load address 0x08005050
                0x20000098                _sbss = .
                0x20000098                __bss_start__ = _sbss
 *(.bss)
 .bss           0x20000098        0x0 d:/arm_development/10 2020-q4-major/bin/../lib/gcc/arm-none-eabi/10.2.1/thumb/v7e-m/nofp/crti.o
 .bss           0x20000098       0x1c d:/arm_development/10 2020-q4-major/bin/../lib/gcc/arm-none-eabi/10.2.1/thumb/v7e-m/nofp/crtbegin.o
 .bss           0x200000b4        0x0 d:/arm_development/10 2020-q4-major/bin/../lib/gcc/arm-none-eabi/10.2.1/../../../../arm-none-eabi/lib/thumb/v7e-m/nofp/crt0.o
 .bss           0x200000b4        0x0 build/logging.o
 .bss           0x200000b4       0x34 build/main.o
                0x200000b4                TIM_TimeBaseStructure
                0x200000c0                TIM_OCInitStructure
                0x200000d4                NVIC_Config
                0x200000d8                GPIO_InitStructure
                0x200000e0                TIM1_pulses
                0x200000e2                TIM2_pulses
                0x200000e4                temp
 .bss           0x200000e8        0x0 build/usart.o
 .bss           0x200000e8        0x0 build/misc.o
 .bss           0x200000e8        0x0 build/stm32f4xx_adc.o
 .bss           0x200000e8        0x0 build/stm32f4xx_gpio.o
 .bss           0x200000e8        0x0 build/stm32f4xx_rcc.o
 .bss           0x200000e8        0x0 build/stm32f4xx_tim.o
 .bss           0x200000e8        0x0 build/stm32f4xx_usart.o
 .bss           0x200000e8        0x0 build/system_stm32f4xx.o
 .bss           0x200000e8        0x0 build/startup_stm32f401xx.o
 .bss           0x200000e8        0x0 d:/arm_development/10 2020-q4-major/bin/../lib/gcc/arm-none-eabi/10.2.1/../../../../arm-none-eabi/lib/thumb/v7e-m/nofp\libg_nano.a(lib_a-exit.o)
 .bss           0x200000e8        0x0 d:/arm_development/10 2020-q4-major/bin/../lib/gcc/arm-none-eabi/10.2.1/../../../../arm-none-eabi/lib/thumb/v7e-m/nofp\libg_nano.a(lib_a-impure.o)
 .bss           0x200000e8        0x0 d:/arm_development/10 2020-q4-major/bin/../lib/gcc/arm-none-eabi/10.2.1/../../../../arm-none-eabi/lib/thumb/v7e-m/nofp\libg_nano.a(lib_a-init.o)
 .bss           0x200000e8        0x0 d:/arm_development/10 2020-q4-major/bin/../lib/gcc/arm-none-eabi/10.2.1/../../../../arm-none-eabi/lib/thumb/v7e-m/nofp\libg_nano.a(lib_a-memset.o)
 .bss           0x200000e8        0x0 d:/arm_development/10 2020-q4-major/bin/../lib/gcc/arm-none-eabi/10.2.1/../../../../arm-none-eabi/lib/thumb/v7e-m/nofp\libnosys.a(_exit.o)
 .bss           0x200000e8        0x0 d:/arm_development/10 2020-q4-major/bin/../lib/gcc/arm-none-eabi/10.2.1/thumb/v7e-m/nofp/crtend.o
 .bss           0x200000e8        0x0 d:/arm_development/10 2020-q4-major/bin/../lib/gcc/arm-none-eabi/10.2.1/thumb/v7e-m/nofp/crtn.o
 *(.bss*)
 *(COMMON)
                0x200000e8                . = ALIGN (0x4)
                0x200000e8                _ebss = .
                0x200000e8                __bss_end__ = _ebss

._user_heap_stack
                0x200000e8      0x600 load address 0x08005050
                0x200000e8                . = ALIGN (0x4)
                [!provide]                PROVIDE (end = .)
                [!provide]                PROVIDE (_end = .)
                0x200002e8                . = (. + _Min_Heap_Size)
 *fill*         0x200000e8      0x200 
                0x200006e8                . = (. + _Min_Stack_Size)
 *fill*         0x200002e8      0x400 
                0x200006e8                . = ALIGN (0x4)

/DISCARD/
 libc.a(*)
 libm.a(*)
 libgcc.a(*)

.ARM.attributes
                0x00000000       0x2a
 *(.ARM.attributes)
 .ARM.attributes
                0x00000000       0x1e d:/arm_development/10 2020-q4-major/bin/../lib/gcc/arm-none-eabi/10.2.1/thumb/v7e-m/nofp/crti.o
 .ARM.attributes
                0x0000001e       0x2e d:/arm_development/10 2020-q4-major/bin/../lib/gcc/arm-none-eabi/10.2.1/thumb/v7e-m/nofp/crtbegin.o
 .ARM.attributes
                0x0000004c       0x1c d:/arm_development/10 2020-q4-major/bin/../lib/gcc/arm-none-eabi/10.2.1/../../../../arm-none-eabi/lib/thumb/v7e-m/nofp/crt0.o
 .ARM.attributes
                0x00000068       0x2e build/logging.o
 .ARM.attributes
                0x00000096       0x2e build/main.o
 .ARM.attributes
                0x000000c4       0x2e build/usart.o
 .ARM.attributes
                0x000000f2       0x2e build/misc.o
 .ARM.attributes
                0x00000120       0x2e build/stm32f4xx_adc.o
 .ARM.attributes
                0x0000014e       0x2e build/stm32f4xx_gpio.o
 .ARM.attributes
                0x0000017c       0x2e build/stm32f4xx_rcc.o
 .ARM.attributes
                0x000001aa       0x2e build/stm32f4xx_tim.o
 .ARM.attributes
                0x000001d8       0x2e build/stm32f4xx_usart.o
 .ARM.attributes
                0x00000206       0x2e build/system_stm32f4xx.o
 .ARM.attributes
                0x00000234       0x21 build/startup_stm32f401xx.o
 .ARM.attributes
                0x00000255       0x2e d:/arm_development/10 2020-q4-major/bin/../lib/gcc/arm-none-eabi/10.2.1/../../../../arm-none-eabi/lib/thumb/v7e-m/nofp\libg_nano.a(lib_a-exit.o)
 .ARM.attributes
                0x00000283       0x2e d:/arm_development/10 2020-q4-major/bin/../lib/gcc/arm-none-eabi/10.2.1/../../../../arm-none-eabi/lib/thumb/v7e-m/nofp\libg_nano.a(lib_a-impure.o)
 .ARM.attributes
                0x000002b1       0x2e d:/arm_development/10 2020-q4-major/bin/../lib/gcc/arm-none-eabi/10.2.1/../../../../arm-none-eabi/lib/thumb/v7e-m/nofp\libg_nano.a(lib_a-init.o)
 .ARM.attributes
                0x000002df       0x2e d:/arm_development/10 2020-q4-major/bin/../lib/gcc/arm-none-eabi/10.2.1/../../../../arm-none-eabi/lib/thumb/v7e-m/nofp\libg_nano.a(lib_a-memset.o)
 .ARM.attributes
                0x0000030d       0x2e d:/arm_development/10 2020-q4-major/bin/../lib/gcc/arm-none-eabi/10.2.1/../../../../arm-none-eabi/lib/thumb/v7e-m/nofp\libnosys.a(_exit.o)
 .ARM.attributes
                0x0000033b       0x2e d:/arm_development/10 2020-q4-major/bin/../lib/gcc/arm-none-eabi/10.2.1/thumb/v7e-m/nofp/crtend.o
 .ARM.attributes
                0x00000369       0x1e d:/arm_development/10 2020-q4-major/bin/../lib/gcc/arm-none-eabi/10.2.1/thumb/v7e-m/nofp/crtn.o
OUTPUT(build/final.elf elf32-littlearm)
LOAD linker stubs
LOAD d:/arm_development/10 2020-q4-major/bin/../lib/gcc/arm-none-eabi/10.2.1/../../../../arm-none-eabi/lib/thumb/v7e-m/nofp\libc.a
LOAD d:/arm_development/10 2020-q4-major/bin/../lib/gcc/arm-none-eabi/10.2.1/../../../../arm-none-eabi/lib/thumb/v7e-m/nofp\libm.a
LOAD d:/arm_development/10 2020-q4-major/bin/../lib/gcc/arm-none-eabi/10.2.1/thumb/v7e-m/nofp\libgcc.a

.debug_info     0x00000000     0x68a8
 .debug_info    0x00000000      0x3b6 build/logging.o
 .debug_info    0x000003b6      0xbfd build/main.o
 .debug_info    0x00000fb3      0x413 build/usart.o
 .debug_info    0x000013c6      0x55c build/misc.o
 .debug_info    0x00001922      0xcd1 build/stm32f4xx_adc.o
 .debug_info    0x000025f3      0x649 build/stm32f4xx_gpio.o
 .debug_info    0x00002c3c      0xdea build/stm32f4xx_rcc.o
 .debug_info    0x00003a26     0x1df0 build/stm32f4xx_tim.o
 .debug_info    0x00005816      0xa32 build/stm32f4xx_usart.o
 .debug_info    0x00006248      0x63e build/system_stm32f4xx.o
 .debug_info    0x00006886       0x22 build/startup_stm32f401xx.o

.debug_abbrev   0x00000000      0xfa4
 .debug_abbrev  0x00000000      0x161 build/logging.o
 .debug_abbrev  0x00000161      0x1f2 build/main.o
 .debug_abbrev  0x00000353      0x10a build/usart.o
 .debug_abbrev  0x0000045d      0x170 build/misc.o
 .debug_abbrev  0x000005cd      0x1af build/stm32f4xx_adc.o
 .debug_abbrev  0x0000077c      0x1c0 build/stm32f4xx_gpio.o
 .debug_abbrev  0x0000093c      0x1d3 build/stm32f4xx_rcc.o
 .debug_abbrev  0x00000b0f      0x19c build/stm32f4xx_tim.o
 .debug_abbrev  0x00000cab      0x182 build/stm32f4xx_usart.o
 .debug_abbrev  0x00000e2d      0x165 build/system_stm32f4xx.o
 .debug_abbrev  0x00000f92       0x12 build/startup_stm32f401xx.o

.debug_aranges  0x00000000      0x168
 .debug_aranges
                0x00000000       0x20 build/logging.o
 .debug_aranges
                0x00000020       0x20 build/main.o
 .debug_aranges
                0x00000040       0x20 build/usart.o
 .debug_aranges
                0x00000060       0x20 build/misc.o
 .debug_aranges
                0x00000080       0x20 build/stm32f4xx_adc.o
 .debug_aranges
                0x000000a0       0x20 build/stm32f4xx_gpio.o
 .debug_aranges
                0x000000c0       0x20 build/stm32f4xx_rcc.o
 .debug_aranges
                0x000000e0       0x20 build/stm32f4xx_tim.o
 .debug_aranges
                0x00000100       0x20 build/stm32f4xx_usart.o
 .debug_aranges
                0x00000120       0x20 build/system_stm32f4xx.o
 .debug_aranges
                0x00000140       0x28 build/startup_stm32f401xx.o

.debug_line     0x00000000     0x2f6e
 .debug_line    0x00000000      0x3d1 build/logging.o
 .debug_line    0x000003d1      0x374 build/main.o
 .debug_line    0x00000745      0x1ae build/usart.o
 .debug_line    0x000008f3      0x27b build/misc.o
 .debug_line    0x00000b6e      0x5e0 build/stm32f4xx_adc.o
 .debug_line    0x0000114e      0x3c0 build/stm32f4xx_gpio.o
 .debug_line    0x0000150e      0x6bb build/stm32f4xx_rcc.o
 .debug_line    0x00001bc9      0xb35 build/stm32f4xx_tim.o
 .debug_line    0x000026fe      0x522 build/stm32f4xx_usart.o
 .debug_line    0x00002c20      0x2c9 build/system_stm32f4xx.o
 .debug_line    0x00002ee9       0x85 build/startup_stm32f401xx.o

.debug_str      0x00000000     0x2917
 .debug_str     0x00000000      0x1d3 build/logging.o
                                0x239 (size before relaxing)
 .debug_str     0x000001d3      0xa4b build/main.o
                                0xc11 (size before relaxing)
 .debug_str     0x00000c1e       0xa2 build/usart.o
                                0x41a (size before relaxing)
 .debug_str     0x00000cc0      0x186 build/misc.o
                                0x3b6 (size before relaxing)
 .debug_str     0x00000e46      0x4de build/stm32f4xx_adc.o
                                0x7ec (size before relaxing)
 .debug_str     0x00001324      0x16d build/stm32f4xx_gpio.o
                                0x488 (size before relaxing)
 .debug_str     0x00001491      0x663 build/stm32f4xx_rcc.o
                                0x8f4 (size before relaxing)
 .debug_str     0x00001af4      0x9c8 build/stm32f4xx_tim.o
                                0xdb8 (size before relaxing)
 .debug_str     0x000024bc      0x379 build/stm32f4xx_usart.o
                                0x677 (size before relaxing)
 .debug_str     0x00002835       0xab build/system_stm32f4xx.o
                                0x3cf (size before relaxing)
 .debug_str     0x000028e0       0x37 build/startup_stm32f401xx.o
                                 0x6d (size before relaxing)

.comment        0x00000000       0x4d
 .comment       0x00000000       0x4d build/logging.o
                                 0x4e (size before relaxing)
 .comment       0x0000004d       0x4e build/main.o
 .comment       0x0000004d       0x4e build/usart.o
 .comment       0x0000004d       0x4e build/misc.o
 .comment       0x0000004d       0x4e build/stm32f4xx_adc.o
 .comment       0x0000004d       0x4e build/stm32f4xx_gpio.o
 .comment       0x0000004d       0x4e build/stm32f4xx_rcc.o
 .comment       0x0000004d       0x4e build/stm32f4xx_tim.o
 .comment       0x0000004d       0x4e build/stm32f4xx_usart.o
 .comment       0x0000004d       0x4e build/system_stm32f4xx.o

.debug_frame    0x00000000     0x2630
 .debug_frame   0x00000000       0x54 build/logging.o
 .debug_frame   0x00000054      0x140 build/main.o
 .debug_frame   0x00000194       0x34 build/usart.o
 .debug_frame   0x000001c8       0xd8 build/misc.o
 .debug_frame   0x000002a0      0x5ec build/stm32f4xx_adc.o
 .debug_frame   0x0000088c      0x23c build/stm32f4xx_gpio.o
 .debug_frame   0x00000ac8      0x774 build/stm32f4xx_rcc.o
 .debug_frame   0x0000123c      0xe54 build/stm32f4xx_tim.o
 .debug_frame   0x00002090      0x490 build/stm32f4xx_usart.o
 .debug_frame   0x00002520       0x7c build/system_stm32f4xx.o
 .debug_frame   0x0000259c       0x28 d:/arm_development/10 2020-q4-major/bin/../lib/gcc/arm-none-eabi/10.2.1/../../../../arm-none-eabi/lib/thumb/v7e-m/nofp\libg_nano.a(lib_a-exit.o)
 .debug_frame   0x000025c4       0x2c d:/arm_development/10 2020-q4-major/bin/../lib/gcc/arm-none-eabi/10.2.1/../../../../arm-none-eabi/lib/thumb/v7e-m/nofp\libg_nano.a(lib_a-init.o)
 .debug_frame   0x000025f0       0x20 d:/arm_development/10 2020-q4-major/bin/../lib/gcc/arm-none-eabi/10.2.1/../../../../arm-none-eabi/lib/thumb/v7e-m/nofp\libg_nano.a(lib_a-memset.o)
 .debug_frame   0x00002610       0x20 d:/arm_development/10 2020-q4-major/bin/../lib/gcc/arm-none-eabi/10.2.1/../../../../arm-none-eabi/lib/thumb/v7e-m/nofp\libnosys.a(_exit.o)

.debug_ranges   0x00000000       0x20
 .debug_ranges  0x00000000       0x20 build/startup_stm32f401xx.o
