Archive member included to satisfy reference by file (symbol)

d:/arm_development/10 2020-q4-major/bin/../lib/gcc/arm-none-eabi/10.2.1/../../../../arm-none-eabi/lib/thumb/v7e-m/nofp\libg_nano.a(lib_a-exit.o)
                              d:/arm_development/10 2020-q4-major/bin/../lib/gcc/arm-none-eabi/10.2.1/../../../../arm-none-eabi/lib/thumb/v7e-m/nofp/crt0.o (exit)
d:/arm_development/10 2020-q4-major/bin/../lib/gcc/arm-none-eabi/10.2.1/../../../../arm-none-eabi/lib/thumb/v7e-m/nofp\libg_nano.a(lib_a-impure.o)
                              d:/arm_development/10 2020-q4-major/bin/../lib/gcc/arm-none-eabi/10.2.1/../../../../arm-none-eabi/lib/thumb/v7e-m/nofp\libg_nano.a(lib_a-exit.o) (_global_impure_ptr)
d:/arm_development/10 2020-q4-major/bin/../lib/gcc/arm-none-eabi/10.2.1/../../../../arm-none-eabi/lib/thumb/v7e-m/nofp\libg_nano.a(lib_a-init.o)
                              d:/arm_development/10 2020-q4-major/bin/../lib/gcc/arm-none-eabi/10.2.1/../../../../arm-none-eabi/lib/thumb/v7e-m/nofp/crt0.o (__libc_init_array)
d:/arm_development/10 2020-q4-major/bin/../lib/gcc/arm-none-eabi/10.2.1/../../../../arm-none-eabi/lib/thumb/v7e-m/nofp\libg_nano.a(lib_a-memset.o)
                              d:/arm_development/10 2020-q4-major/bin/../lib/gcc/arm-none-eabi/10.2.1/../../../../arm-none-eabi/lib/thumb/v7e-m/nofp/crt0.o (memset)
d:/arm_development/10 2020-q4-major/bin/../lib/gcc/arm-none-eabi/10.2.1/../../../../arm-none-eabi/lib/thumb/v7e-m/nofp\libnosys.a(_exit.o)
                              d:/arm_development/10 2020-q4-major/bin/../lib/gcc/arm-none-eabi/10.2.1/../../../../arm-none-eabi/lib/thumb/v7e-m/nofp\libg_nano.a(lib_a-exit.o) (_exit)

Memory Configuration

Name             Origin             Length             Attributes
FLASH            0x08000000         0x00040000         xr
RAM              0x20000000         0x00010000         xrw
*default*        0x00000000         0xffffffff

Linker script and memory map

LOAD d:/arm_development/10 2020-q4-major/bin/../lib/gcc/arm-none-eabi/10.2.1/thumb/v7e-m/nofp/crti.o
LOAD d:/arm_development/10 2020-q4-major/bin/../lib/gcc/arm-none-eabi/10.2.1/thumb/v7e-m/nofp/crtbegin.o
LOAD d:/arm_development/10 2020-q4-major/bin/../lib/gcc/arm-none-eabi/10.2.1/../../../../arm-none-eabi/lib/thumb/v7e-m/nofp/crt0.o
LOAD build/logging.o
LOAD build/main.o
LOAD build/usart.o
LOAD build/misc.o
LOAD build/stm32f4xx_adc.o
LOAD build/stm32f4xx_gpio.o
LOAD build/stm32f4xx_rcc.o
LOAD build/stm32f4xx_tim.o
LOAD build/stm32f4xx_usart.o
LOAD build/system_stm32f4xx.o
LOAD build/startup_stm32f401xx.o
START GROUP
LOAD d:/arm_development/10 2020-q4-major/bin/../lib/gcc/arm-none-eabi/10.2.1/thumb/v7e-m/nofp\libgcc.a
LOAD d:/arm_development/10 2020-q4-major/bin/../lib/gcc/arm-none-eabi/10.2.1/../../../../arm-none-eabi/lib/thumb/v7e-m/nofp\libg_nano.a
LOAD d:/arm_development/10 2020-q4-major/bin/../lib/gcc/arm-none-eabi/10.2.1/../../../../arm-none-eabi/lib/thumb/v7e-m/nofp\libc_nano.a
END GROUP
START GROUP
LOAD d:/arm_development/10 2020-q4-major/bin/../lib/gcc/arm-none-eabi/10.2.1/thumb/v7e-m/nofp\libgcc.a
LOAD d:/arm_development/10 2020-q4-major/bin/../lib/gcc/arm-none-eabi/10.2.1/../../../../arm-none-eabi/lib/thumb/v7e-m/nofp\libc_nano.a
LOAD d:/arm_development/10 2020-q4-major/bin/../lib/gcc/arm-none-eabi/10.2.1/../../../../arm-none-eabi/lib/thumb/v7e-m/nofp\libnosys.a
END GROUP
START GROUP
LOAD d:/arm_development/10 2020-q4-major/bin/../lib/gcc/arm-none-eabi/10.2.1/thumb/v7e-m/nofp\libgcc.a
LOAD d:/arm_development/10 2020-q4-major/bin/../lib/gcc/arm-none-eabi/10.2.1/../../../../arm-none-eabi/lib/thumb/v7e-m/nofp\libc_nano.a
LOAD d:/arm_development/10 2020-q4-major/bin/../lib/gcc/arm-none-eabi/10.2.1/../../../../arm-none-eabi/lib/thumb/v7e-m/nofp\libnosys.a
END GROUP
LOAD d:/arm_development/10 2020-q4-major/bin/../lib/gcc/arm-none-eabi/10.2.1/thumb/v7e-m/nofp/crtend.o
LOAD d:/arm_development/10 2020-q4-major/bin/../lib/gcc/arm-none-eabi/10.2.1/thumb/v7e-m/nofp/crtn.o
                0x20010000                _estack = 0x20010000
                0x00000200                _Min_Heap_Size = 0x200
                0x00000400                _Min_Stack_Size = 0x400

.isr_vector     0x08000000      0x194
                0x08000000                . = ALIGN (0x4)
 *(.isr_vector)
 .isr_vector    0x08000000      0x194 build/startup_stm32f401xx.o
                0x08000000                g_pfnVectors
                0x08000194                . = ALIGN (0x4)

.text           0x08000194     0x4ea0
                0x08000194                . = ALIGN (0x4)
 *(.text)
 .text          0x08000194        0x0 d:/arm_development/10 2020-q4-major/bin/../lib/gcc/arm-none-eabi/10.2.1/thumb/v7e-m/nofp/crti.o
 .text          0x08000194       0x40 d:/arm_development/10 2020-q4-major/bin/../lib/gcc/arm-none-eabi/10.2.1/thumb/v7e-m/nofp/crtbegin.o
 .text          0x080001d4       0x7c d:/arm_development/10 2020-q4-major/bin/../lib/gcc/arm-none-eabi/10.2.1/../../../../arm-none-eabi/lib/thumb/v7e-m/nofp/crt0.o
                0x080001d4                _stack_init
                0x080001dc                _start
                0x080001dc                _mainCRTStartup
 .text          0x08000250      0x448 build/logging.o
                0x08000250                enableLogging
                0x0800025c                print
 .text          0x08000698      0x54c build/main.o
                0x08000698                delayMs
                0x080006d0                main
                0x0800073c                getPPS
                0x0800075c                get_timer_clock_frequency
                0x080007b8                configADC
                0x08000850                configTIM1
                0x08000904                configTIM2
                0x080009c0                configTIM3
                0x08000ae4                configTIM4
                0x08000b9c                TIM4_IRQHandler
 .text          0x08000be4       0x88 build/usart.o
                0x08000be4                configureUsart
 .text          0x08000c6c      0x18c build/misc.o
                0x08000c6c                NVIC_PriorityGroupConfig
                0x08000c90                NVIC_Init
                0x08000d54                NVIC_SetVectorTable
                0x08000d80                NVIC_SystemLPConfig
                0x08000dc0                SysTick_CLKSourceConfig
 .text          0x08000df8      0xa50 build/stm32f4xx_adc.o
                0x08000df8                ADC_DeInit
                0x08000e14                ADC_Init
                0x08000ebc                ADC_StructInit
                0x08000ef8                ADC_CommonInit
                0x08000f48                ADC_CommonStructInit
                0x08000f72                ADC_Cmd
                0x08000fa8                ADC_AnalogWatchdogCmd
                0x08000fe0                ADC_AnalogWatchdogThresholdsConfig
                0x08001006                ADC_AnalogWatchdogSingleChannelConfig
                0x0800103c                ADC_TempSensorVrefintCmd
                0x08001074                ADC_VBATCmd
                0x080010ac                ADC_RegularChannelConfig
                0x0800123e                ADC_SoftwareStartConv
                0x0800125c                ADC_GetSoftwareStartConvStatus
                0x0800128a                ADC_EOCOnEachRegularChannelCmd
                0x080012c0                ADC_ContinuousModeCmd
                0x080012f6                ADC_DiscModeChannelCountConfig
                0x08001338                ADC_DiscModeCmd
                0x0800136e                ADC_GetConversionValue
                0x08001386                ADC_GetMultiModeConversionValue
                0x0800139c                ADC_DMACmd
                0x080013d2                ADC_DMARequestAfterLastTransferCmd
                0x08001408                ADC_MultiModeDMARequestAfterLastTransferCmd
                0x08001440                ADC_InjectedChannelConfig
                0x08001560                ADC_InjectedSequencerLengthConfig
                0x080015a2                ADC_SetInjectedOffset
                0x080015d4                ADC_ExternalTrigInjectedConvConfig
                0x08001608                ADC_ExternalTrigInjectedConvEdgeConfig
                0x0800163c                ADC_SoftwareStartInjectedConv
                0x0800165a                ADC_GetSoftwareStartInjectedConvCmdStatus
                0x08001688                ADC_AutoInjectedConvCmd
                0x080016be                ADC_InjectedDiscModeCmd
                0x080016f4                ADC_GetInjectedConversionValue
                0x08001722                ADC_ITConfig
                0x08001772                ADC_GetFlagStatus
                0x080017a4                ADC_ClearFlag
                0x080017c2                ADC_GetITStatus
                0x0800181c                ADC_ClearITPendingBit
 .text          0x08001848      0x4bc build/stm32f4xx_gpio.o
                0x08001848                GPIO_DeInit
                0x080019ac                GPIO_Init
                0x08001ac8                GPIO_StructInit
                0x08001afa                GPIO_PinLockConfig
                0x08001b3c                GPIO_ReadInputDataBit
                0x08001b6e                GPIO_ReadInputData
                0x08001b86                GPIO_ReadOutputDataBit
                0x08001bb8                GPIO_ReadOutputData
                0x08001bd0                GPIO_SetBits
                0x08001bec                GPIO_ResetBits
                0x08001c08                GPIO_WriteBit
                0x08001c36                GPIO_Write
                0x08001c52                GPIO_ToggleBits
                0x08001c74                GPIO_PinAFConfig
 .text          0x08001d04      0xb3c build/stm32f4xx_rcc.o
                0x08001d04                RCC_DeInit
                0x08001d68                RCC_HSEConfig
                0x08001d8c                RCC_WaitForHSEStartUp
                0x08001ddc                RCC_AdjustHSICalibrationValue
                0x08001e18                RCC_HSICmd
                0x08001e38                RCC_LSEConfig
                0x08001e78                RCC_LSICmd
                0x08001e98                RCC_PLLConfig
                0x08001ed4                RCC_PLLCmd
                0x08001ef4                RCC_PLLI2SConfig
                0x08001f1c                RCC_PLLI2SCmd
                0x08001f3c                RCC_PLLSAIConfig
                0x08001f6c                RCC_PLLSAICmd
                0x08001f8c                RCC_ClockSecuritySystemCmd
                0x08001fac                RCC_MCO1Config
                0x08001fe8                RCC_MCO2Config
                0x08002024                RCC_SYSCLKConfig
                0x0800205c                RCC_GetSYSCLKSource
                0x08002078                RCC_HCLKConfig
                0x080020b0                RCC_PCLK1Config
                0x080020e8                RCC_PCLK2Config
                0x08002120                RCC_GetClocksFreq
                0x0800227c                RCC_RTCCLKConfig
                0x080022d8                RCC_RTCCLKCmd
                0x080022f8                RCC_BackupResetCmd
                0x08002318                RCC_I2SCLKConfig
                0x08002334                RCC_SAIPLLI2SClkDivConfig
                0x08002370                RCC_SAIPLLSAIClkDivConfig
                0x080023b0                RCC_LTDCCLKDivConfig
                0x080023ec                RCC_TIMCLKPresConfig
                0x08002408                RCC_AHB1PeriphClockCmd
                0x08002444                RCC_AHB2PeriphClockCmd
                0x08002480                RCC_APB1PeriphClockCmd
                0x080024bc                RCC_APB2PeriphClockCmd
                0x080024f8                RCC_AHB1PeriphResetCmd
                0x08002534                RCC_AHB2PeriphResetCmd
                0x08002570                RCC_APB1PeriphResetCmd
                0x080025ac                RCC_APB2PeriphResetCmd
                0x080025e8                RCC_AHB1PeriphClockLPModeCmd
                0x08002624                RCC_AHB2PeriphClockLPModeCmd
                0x08002660                RCC_APB1PeriphClockLPModeCmd
                0x0800269c                RCC_APB2PeriphClockLPModeCmd
                0x080026d8                RCC_LSEModeConfig
                0x08002710                RCC_ITConfig
                0x0800275c                RCC_GetFlagStatus
                0x080027d0                RCC_ClearFlag
                0x080027ec                RCC_GetITStatus
                0x08002820                RCC_ClearITPendingBit
 .text          0x08002840     0x1b70 build/stm32f4xx_tim.o
                0x08002840                TIM_DeInit
                0x08002a00                TIM_TimeBaseInit
                0x08002ad4                TIM_TimeBaseStructInit
                0x08002b06                TIM_PrescalerConfig
                0x08002b2c                TIM_CounterModeConfig
                0x08002b62                TIM_SetCounter
                0x08002b7c                TIM_SetAutoreload
                0x08002b96                TIM_GetCounter
                0x08002bac                TIM_GetPrescaler
                0x08002bc4                TIM_UpdateDisableConfig
                0x08002c02                TIM_UpdateRequestConfig
                0x08002c40                TIM_ARRPreloadConfig
                0x08002c7e                TIM_SelectOnePulseMode
                0x08002cb4                TIM_SetClockDivision
                0x08002cea                TIM_Cmd
                0x08002d28                TIM_OC1Init
                0x08002e1c                TIM_OC2Init
                0x08002f2c                TIM_OC3Init
                0x08003038                TIM_OC4Init
                0x08003104                TIM_OCStructInit
                0x08003146                TIM_SelectOCxM
                0x080031fa                TIM_SetCompare1
                0x08003214                TIM_SetCompare2
                0x0800322e                TIM_SetCompare3
                0x08003248                TIM_SetCompare4
                0x08003262                TIM_ForcedOC1Config
                0x08003298                TIM_ForcedOC2Config
                0x080032d2                TIM_ForcedOC3Config
                0x08003308                TIM_ForcedOC4Config
                0x08003342                TIM_OC1PreloadConfig
                0x08003378                TIM_OC2PreloadConfig
                0x080033b2                TIM_OC3PreloadConfig
                0x080033e8                TIM_OC4PreloadConfig
                0x08003422                TIM_OC1FastConfig
                0x08003458                TIM_OC2FastConfig
                0x08003492                TIM_OC3FastConfig
                0x080034c8                TIM_OC4FastConfig
                0x08003502                TIM_ClearOC1Ref
                0x08003538                TIM_ClearOC2Ref
                0x08003572                TIM_ClearOC3Ref
                0x080035a8                TIM_ClearOC4Ref
                0x080035e2                TIM_OC1PolarityConfig
                0x08003618                TIM_OC1NPolarityConfig
                0x0800364e                TIM_OC2PolarityConfig
                0x08003688                TIM_OC2NPolarityConfig
                0x080036c2                TIM_OC3PolarityConfig
                0x080036fc                TIM_OC3NPolarityConfig
                0x08003736                TIM_OC4PolarityConfig
                0x08003770                TIM_CCxCmd
                0x080037c4                TIM_CCxNCmd
                0x08003818                TIM_ICInit
                0x080038c0                TIM_ICStructInit
                0x080038f0                TIM_PWMIConfig
                0x080039a8                TIM_GetCapture1
                0x080039be                TIM_GetCapture2
                0x080039d4                TIM_GetCapture3
                0x080039ea                TIM_GetCapture4
                0x08003a00                TIM_SetIC1Prescaler
                0x08003a36                TIM_SetIC2Prescaler
                0x08003a70                TIM_SetIC3Prescaler
                0x08003aa6                TIM_SetIC4Prescaler
                0x08003ae0                TIM_BDTRConfig
                0x08003b2e                TIM_BDTRStructInit
                0x08003b6a                TIM_CtrlPWMOutputs
                0x08003bb4                TIM_SelectCOM
                0x08003bf2                TIM_CCPreloadControl
                0x08003c30                TIM_ITConfig
                0x08003c76                TIM_GenerateEvent
                0x08003c92                TIM_GetFlagStatus
                0x08003cc8                TIM_ClearFlag
                0x08003ce8                TIM_GetITStatus
                0x08003d3a                TIM_ClearITPendingBit
                0x08003d5a                TIM_DMAConfig
                0x08003d82                TIM_DMACmd
                0x08003dc8                TIM_SelectCCDMA
                0x08003e06                TIM_InternalClockConfig
                0x08003e28                TIM_ITRxExternalClockConfig
                0x08003e56                TIM_TIxExternalClockConfig
                0x08003eb2                TIM_ETRClockMode1Config
                0x08003f10                TIM_ETRClockMode2Config
                0x08003f4e                TIM_SelectInputTrigger
                0x08003f84                TIM_SelectOutputTrigger
                0x08003fba                TIM_SelectSlaveMode
                0x08003ff0                TIM_SelectMasterSlaveMode
                0x08004026                TIM_ETRConfig
                0x08004078                TIM_EncoderInterfaceConfig
                0x0800410e                TIM_SelectHallSensor
                0x0800414c                TIM_RemapConfig
 .text          0x080043b0      0x938 build/stm32f4xx_usart.o
                0x080043b0                USART_DeInit
                0x080044c8                USART_Init
                0x0800463c                USART_StructInit
                0x08004674                USART_ClockInit
                0x080046c8                USART_ClockStructInit
                0x080046f2                USART_Cmd
                0x08004730                USART_SetPrescaler
                0x08004768                USART_OverSampling8Cmd
                0x080047aa                USART_OneBitMethodCmd
                0x080047e8                USART_SendData
                0x0800480a                USART_ReceiveData
                0x08004828                USART_SetAddress
                0x08004860                USART_ReceiverWakeUpCmd
                0x0800489e                USART_WakeUpConfig
                0x080048d4                USART_LINBreakDetectLengthConfig
                0x0800490a                USART_LINCmd
                0x08004948                USART_SendBreak
                0x0800496a                USART_HalfDuplexCmd
                0x080049a8                USART_SetGuardTime
                0x080049e2                USART_SmartCardCmd
                0x08004a20                USART_SmartCardNACKCmd
                0x08004a5e                USART_IrDAConfig
                0x08004a94                USART_IrDACmd
                0x08004ad2                USART_DMACmd
                0x08004b18                USART_ITConfig
                0x08004ba6                USART_GetFlagStatus
                0x08004bdc                USART_ClearFlag
                0x08004bfc                USART_GetITStatus
                0x08004cb0                USART_ClearITPendingBit
 .text          0x08004ce8      0x24c build/system_stm32f4xx.o
                0x08004ce8                SystemInit
                0x08004d44                SystemCoreClockUpdate
 .text          0x08004f34       0x14 build/startup_stm32f401xx.o
 .text          0x08004f48        0x0 d:/arm_development/10 2020-q4-major/bin/../lib/gcc/arm-none-eabi/10.2.1/../../../../arm-none-eabi/lib/thumb/v7e-m/nofp\libg_nano.a(lib_a-exit.o)
 .text          0x08004f48        0x0 d:/arm_development/10 2020-q4-major/bin/../lib/gcc/arm-none-eabi/10.2.1/../../../../arm-none-eabi/lib/thumb/v7e-m/nofp\libg_nano.a(lib_a-impure.o)
 .text          0x08004f48        0x0 d:/arm_development/10 2020-q4-major/bin/../lib/gcc/arm-none-eabi/10.2.1/../../../../arm-none-eabi/lib/thumb/v7e-m/nofp\libg_nano.a(lib_a-init.o)
 .text          0x08004f48        0x0 d:/arm_development/10 2020-q4-major/bin/../lib/gcc/arm-none-eabi/10.2.1/../../../../arm-none-eabi/lib/thumb/v7e-m/nofp\libg_nano.a(lib_a-memset.o)
 .text          0x08004f48        0x0 d:/arm_development/10 2020-q4-major/bin/../lib/gcc/arm-none-eabi/10.2.1/../../../../arm-none-eabi/lib/thumb/v7e-m/nofp\libnosys.a(_exit.o)
 .text          0x08004f48        0x0 d:/arm_development/10 2020-q4-major/bin/../lib/gcc/arm-none-eabi/10.2.1/thumb/v7e-m/nofp/crtend.o
 .text          0x08004f48        0x0 d:/arm_development/10 2020-q4-major/bin/../lib/gcc/arm-none-eabi/10.2.1/thumb/v7e-m/nofp/crtn.o
 *(.text*)
 .text.Reset_Handler
                0x08004f48       0x48 build/startup_stm32f401xx.o
                0x08004f48                Reset_Handler
 .text.Default_Handler
                0x08004f90        0x2 build/startup_stm32f401xx.o
                0x08004f90                RTC_Alarm_IRQHandler
                0x08004f90                EXTI2_IRQHandler
                0x08004f90                DebugMon_Handler
                0x08004f90                SPI4_IRQHandler
                0x08004f90                TIM1_CC_IRQHandler
                0x08004f90                DMA2_Stream5_IRQHandler
                0x08004f90                HardFault_Handler
                0x08004f90                DMA1_Stream5_IRQHandler
                0x08004f90                SysTick_Handler
                0x08004f90                PVD_IRQHandler
                0x08004f90                SDIO_IRQHandler
                0x08004f90                TAMP_STAMP_IRQHandler
                0x08004f90                PendSV_Handler
                0x08004f90                NMI_Handler
                0x08004f90                EXTI3_IRQHandler
                0x08004f90                TIM1_UP_TIM10_IRQHandler
                0x08004f90                I2C3_ER_IRQHandler
                0x08004f90                EXTI0_IRQHandler
                0x08004f90                I2C2_EV_IRQHandler
                0x08004f90                DMA1_Stream2_IRQHandler
                0x08004f90                FPU_IRQHandler
                0x08004f90                UsageFault_Handler
                0x08004f90                DMA2_Stream2_IRQHandler
                0x08004f90                SPI1_IRQHandler
                0x08004f90                TIM1_BRK_TIM9_IRQHandler
                0x08004f90                DMA2_Stream3_IRQHandler
                0x08004f90                USART6_IRQHandler
                0x08004f90                DMA2_Stream0_IRQHandler
                0x08004f90                I2C1_EV_IRQHandler
                0x08004f90                DMA1_Stream6_IRQHandler
                0x08004f90                DMA1_Stream1_IRQHandler
                0x08004f90                TIM3_IRQHandler
                0x08004f90                RCC_IRQHandler
                0x08004f90                Default_Handler
                0x08004f90                EXTI15_10_IRQHandler
                0x08004f90                ADC_IRQHandler
                0x08004f90                DMA1_Stream7_IRQHandler
                0x08004f90                TIM5_IRQHandler
                0x08004f90                DMA2_Stream7_IRQHandler
                0x08004f90                I2C3_EV_IRQHandler
                0x08004f90                EXTI9_5_IRQHandler
                0x08004f90                RTC_WKUP_IRQHandler
                0x08004f90                SPI2_IRQHandler
                0x08004f90                MemManage_Handler
                0x08004f90                DMA1_Stream0_IRQHandler
                0x08004f90                SVC_Handler
                0x08004f90                EXTI4_IRQHandler
                0x08004f90                WWDG_IRQHandler
                0x08004f90                TIM2_IRQHandler
                0x08004f90                OTG_FS_WKUP_IRQHandler
                0x08004f90                TIM1_TRG_COM_TIM11_IRQHandler
                0x08004f90                EXTI1_IRQHandler
                0x08004f90                USART2_IRQHandler
                0x08004f90                I2C2_ER_IRQHandler
                0x08004f90                DMA2_Stream1_IRQHandler
                0x08004f90                FLASH_IRQHandler
                0x08004f90                DMA2_Stream4_IRQHandler
                0x08004f90                BusFault_Handler
                0x08004f90                USART1_IRQHandler
                0x08004f90                OTG_FS_IRQHandler
                0x08004f90                SPI3_IRQHandler
                0x08004f90                DMA1_Stream4_IRQHandler
                0x08004f90                I2C1_ER_IRQHandler
                0x08004f90                DMA2_Stream6_IRQHandler
                0x08004f90                DMA1_Stream3_IRQHandler
 *fill*         0x08004f92        0x2 
 .text.exit     0x08004f94       0x28 d:/arm_development/10 2020-q4-major/bin/../lib/gcc/arm-none-eabi/10.2.1/../../../../arm-none-eabi/lib/thumb/v7e-m/nofp\libg_nano.a(lib_a-exit.o)
                0x08004f94                exit
 .text.__libc_init_array
                0x08004fbc       0x48 d:/arm_development/10 2020-q4-major/bin/../lib/gcc/arm-none-eabi/10.2.1/../../../../arm-none-eabi/lib/thumb/v7e-m/nofp\libg_nano.a(lib_a-init.o)
                0x08004fbc                __libc_init_array
 .text.memset   0x08005004       0x10 d:/arm_development/10 2020-q4-major/bin/../lib/gcc/arm-none-eabi/10.2.1/../../../../arm-none-eabi/lib/thumb/v7e-m/nofp\libg_nano.a(lib_a-memset.o)
                0x08005004                memset
 .text._exit    0x08005014        0x4 d:/arm_development/10 2020-q4-major/bin/../lib/gcc/arm-none-eabi/10.2.1/../../../../arm-none-eabi/lib/thumb/v7e-m/nofp\libnosys.a(_exit.o)
                0x08005014                _exit
 *(.glue_7)
 .glue_7        0x08005018        0x0 linker stubs
 *(.glue_7t)
 .glue_7t       0x08005018        0x0 linker stubs
 *(.eh_frame)
 .eh_frame      0x08005018        0x0 d:/arm_development/10 2020-q4-major/bin/../lib/gcc/arm-none-eabi/10.2.1/thumb/v7e-m/nofp/crtbegin.o
 .eh_frame      0x08005018        0x4 d:/arm_development/10 2020-q4-major/bin/../lib/gcc/arm-none-eabi/10.2.1/thumb/v7e-m/nofp/crtend.o
 *(.init)
 .init          0x0800501c        0x4 d:/arm_development/10 2020-q4-major/bin/../lib/gcc/arm-none-eabi/10.2.1/thumb/v7e-m/nofp/crti.o
                0x0800501c                _init
 .init          0x08005020        0x8 d:/arm_development/10 2020-q4-major/bin/../lib/gcc/arm-none-eabi/10.2.1/thumb/v7e-m/nofp/crtn.o
 *(.fini)
 .fini          0x08005028        0x4 d:/arm_development/10 2020-q4-major/bin/../lib/gcc/arm-none-eabi/10.2.1/thumb/v7e-m/nofp/crti.o
                0x08005028                _fini
 .fini          0x0800502c        0x8 d:/arm_development/10 2020-q4-major/bin/../lib/gcc/arm-none-eabi/10.2.1/thumb/v7e-m/nofp/crtn.o
                0x08005034                . = ALIGN (0x4)
                0x08005034                _etext = .

.vfp11_veneer   0x08005034        0x0
 .vfp11_veneer  0x08005034        0x0 linker stubs

.v4_bx          0x08005034        0x0
 .v4_bx         0x08005034        0x0 linker stubs

.iplt           0x08005034        0x0
 .iplt          0x08005034        0x0 d:/arm_development/10 2020-q4-major/bin/../lib/gcc/arm-none-eabi/10.2.1/thumb/v7e-m/nofp/crtbegin.o

.rodata         0x08005034       0x80
                0x08005034                . = ALIGN (0x4)
 *(.rodata)
 .rodata        0x08005034       0x24 d:/arm_development/10 2020-q4-major/bin/../lib/gcc/arm-none-eabi/10.2.1/thumb/v7e-m/nofp/crtbegin.o
 .rodata        0x08005058       0x1e build/logging.o
 *fill*         0x08005076        0x2 
 .rodata        0x08005078       0x14 build/main.o
 .rodata        0x0800508c       0x24 d:/arm_development/10 2020-q4-major/bin/../lib/gcc/arm-none-eabi/10.2.1/thumb/v7e-m/nofp/crtend.o
 *(.rodata*)
 .rodata._global_impure_ptr
                0x080050b0        0x4 d:/arm_development/10 2020-q4-major/bin/../lib/gcc/arm-none-eabi/10.2.1/../../../../arm-none-eabi/lib/thumb/v7e-m/nofp\libg_nano.a(lib_a-impure.o)
                0x080050b0                _global_impure_ptr
                0x080050b4                . = ALIGN (0x4)

.ARM.extab      0x080050b4        0x0
 *(.ARM.extab* .gnu.linkonce.armextab.*)
 .ARM.extab     0x080050b4        0x0 d:/arm_development/10 2020-q4-major/bin/../lib/gcc/arm-none-eabi/10.2.1/../../../../arm-none-eabi/lib/thumb/v7e-m/nofp/crt0.o

.ARM            0x080050b4        0x8
                0x080050b4                __exidx_start = .
 *(.ARM.exidx*)
 .ARM.exidx     0x080050b4        0x8 d:/arm_development/10 2020-q4-major/bin/../lib/gcc/arm-none-eabi/10.2.1/../../../../arm-none-eabi/lib/thumb/v7e-m/nofp/crt0.o
                                 0x10 (size before relaxing)
                0x080050bc                __exidx_end = .

.rel.dyn        0x080050bc        0x0
 .rel.iplt      0x080050bc        0x0 d:/arm_development/10 2020-q4-major/bin/../lib/gcc/arm-none-eabi/10.2.1/thumb/v7e-m/nofp/crtbegin.o

.preinit_array  0x080050bc        0x0
                0x080050bc                PROVIDE (__preinit_array_start = .)
 *(.preinit_array*)
                0x080050bc                PROVIDE (__preinit_array_end = .)

.init_array     0x080050bc        0x4
                0x080050bc                PROVIDE (__init_array_start = .)
 *(SORT_BY_NAME(.init_array.*))
 *(.init_array*)
 .init_array    0x080050bc        0x4 d:/arm_development/10 2020-q4-major/bin/../lib/gcc/arm-none-eabi/10.2.1/thumb/v7e-m/nofp/crtbegin.o
                0x080050c0                PROVIDE (__init_array_end = .)

.fini_array     0x080050c0        0x4
                [!provide]                PROVIDE (__fini_array_start = .)
 *(SORT_BY_NAME(.fini_array.*))
 *(.fini_array*)
 .fini_array    0x080050c0        0x4 d:/arm_development/10 2020-q4-major/bin/../lib/gcc/arm-none-eabi/10.2.1/thumb/v7e-m/nofp/crtbegin.o
                [!provide]                PROVIDE (__fini_array_end = .)
                0x080050c4                _sidata = LOADADDR (.data)

.data           0x20000000       0x98 load address 0x080050c4
                0x20000000                . = ALIGN (0x4)
                0x20000000                _sdata = .
 *(.data)
 .data          0x20000000        0x0 d:/arm_development/10 2020-q4-major/bin/../lib/gcc/arm-none-eabi/10.2.1/thumb/v7e-m/nofp/crti.o
 .data          0x20000000        0x4 d:/arm_development/10 2020-q4-major/bin/../lib/gcc/arm-none-eabi/10.2.1/thumb/v7e-m/nofp/crtbegin.o
                0x20000000                __dso_handle
 .data          0x20000004        0x0 d:/arm_development/10 2020-q4-major/bin/../lib/gcc/arm-none-eabi/10.2.1/../../../../arm-none-eabi/lib/thumb/v7e-m/nofp/crt0.o
 .data          0x20000004        0x0 build/logging.o
 .data          0x20000004        0xa build/main.o
                0x20000004                PWM_Frequency
                0x20000008                PWM_Steps
                0x2000000c                TimerPeriod
 .data          0x2000000e        0x0 build/usart.o
 .data          0x2000000e        0x0 build/misc.o
 .data          0x2000000e        0x0 build/stm32f4xx_adc.o
 .data          0x2000000e        0x0 build/stm32f4xx_gpio.o
 *fill*         0x2000000e        0x2 
 .data          0x20000010       0x10 build/stm32f4xx_rcc.o
 .data          0x20000020        0x0 build/stm32f4xx_tim.o
 .data          0x20000020        0x0 build/stm32f4xx_usart.o
 .data          0x20000020       0x14 build/system_stm32f4xx.o
                0x20000020                SystemCoreClock
                0x20000024                AHBPrescTable
 .data          0x20000034        0x0 build/startup_stm32f401xx.o
 .data          0x20000034        0x0 d:/arm_development/10 2020-q4-major/bin/../lib/gcc/arm-none-eabi/10.2.1/../../../../arm-none-eabi/lib/thumb/v7e-m/nofp\libg_nano.a(lib_a-exit.o)
 .data          0x20000034        0x0 d:/arm_development/10 2020-q4-major/bin/../lib/gcc/arm-none-eabi/10.2.1/../../../../arm-none-eabi/lib/thumb/v7e-m/nofp\libg_nano.a(lib_a-impure.o)
 .data          0x20000034        0x0 d:/arm_development/10 2020-q4-major/bin/../lib/gcc/arm-none-eabi/10.2.1/../../../../arm-none-eabi/lib/thumb/v7e-m/nofp\libg_nano.a(lib_a-init.o)
 .data          0x20000034        0x0 d:/arm_development/10 2020-q4-major/bin/../lib/gcc/arm-none-eabi/10.2.1/../../../../arm-none-eabi/lib/thumb/v7e-m/nofp\libg_nano.a(lib_a-memset.o)
 .data          0x20000034        0x0 d:/arm_development/10 2020-q4-major/bin/../lib/gcc/arm-none-eabi/10.2.1/../../../../arm-none-eabi/lib/thumb/v7e-m/nofp\libnosys.a(_exit.o)
 .data          0x20000034        0x0 d:/arm_development/10 2020-q4-major/bin/../lib/gcc/arm-none-eabi/10.2.1/thumb/v7e-m/nofp/crtend.o
 .data          0x20000034        0x0 d:/arm_development/10 2020-q4-major/bin/../lib/gcc/arm-none-eabi/10.2.1/thumb/v7e-m/nofp/crtn.o
 *(.data*)
 .data._impure_ptr
                0x20000034        0x4 d:/arm_development/10 2020-q4-major/bin/../lib/gcc/arm-none-eabi/10.2.1/../../../../arm-none-eabi/lib/thumb/v7e-m/nofp\libg_nano.a(lib_a-impure.o)
                0x20000034                _impure_ptr
 .data.impure_data
                0x20000038       0x60 d:/arm_development/10 2020-q4-major/bin/../lib/gcc/arm-none-eabi/10.2.1/../../../../arm-none-eabi/lib/thumb/v7e-m/nofp\libg_nano.a(lib_a-impure.o)
                0x20000098                . = ALIGN (0x4)
                0x20000098                _edata = .

.igot.plt       0x20000098        0x0 load address 0x0800515c
 .igot.plt      0x20000098        0x0 d:/arm_development/10 2020-q4-major/bin/../lib/gcc/arm-none-eabi/10.2.1/thumb/v7e-m/nofp/crtbegin.o
                0x20000098                . = ALIGN (0x4)

.bss            0x20000098       0x50 load address 0x0800515c
                0x20000098                _sbss = .
                0x20000098                __bss_start__ = _sbss
 *(.bss)
 .bss           0x20000098        0x0 d:/arm_development/10 2020-q4-major/bin/../lib/gcc/arm-none-eabi/10.2.1/thumb/v7e-m/nofp/crti.o
 .bss           0x20000098       0x1c d:/arm_development/10 2020-q4-major/bin/../lib/gcc/arm-none-eabi/10.2.1/thumb/v7e-m/nofp/crtbegin.o
 .bss           0x200000b4        0x0 d:/arm_development/10 2020-q4-major/bin/../lib/gcc/arm-none-eabi/10.2.1/../../../../arm-none-eabi/lib/thumb/v7e-m/nofp/crt0.o
 .bss           0x200000b4        0x0 build/logging.o
 .bss           0x200000b4       0x34 build/main.o
                0x200000b4                TIM_TimeBaseStructure
                0x200000c0                TIM_OCInitStructure
                0x200000d4                NVIC_Config
                0x200000d8                GPIO_InitStructure
                0x200000e0                TIM1_pulses
                0x200000e2                TIM2_pulses
                0x200000e4                temp
 .bss           0x200000e8        0x0 build/usart.o
 .bss           0x200000e8        0x0 build/misc.o
 .bss           0x200000e8        0x0 build/stm32f4xx_adc.o
 .bss           0x200000e8        0x0 build/stm32f4xx_gpio.o
 .bss           0x200000e8        0x0 build/stm32f4xx_rcc.o
 .bss           0x200000e8        0x0 build/stm32f4xx_tim.o
 .bss           0x200000e8        0x0 build/stm32f4xx_usart.o
 .bss           0x200000e8        0x0 build/system_stm32f4xx.o
 .bss           0x200000e8        0x0 build/startup_stm32f401xx.o
 .bss           0x200000e8        0x0 d:/arm_development/10 2020-q4-major/bin/../lib/gcc/arm-none-eabi/10.2.1/../../../../arm-none-eabi/lib/thumb/v7e-m/nofp\libg_nano.a(lib_a-exit.o)
 .bss           0x200000e8        0x0 d:/arm_development/10 2020-q4-major/bin/../lib/gcc/arm-none-eabi/10.2.1/../../../../arm-none-eabi/lib/thumb/v7e-m/nofp\libg_nano.a(lib_a-impure.o)
 .bss           0x200000e8        0x0 d:/arm_development/10 2020-q4-major/bin/../lib/gcc/arm-none-eabi/10.2.1/../../../../arm-none-eabi/lib/thumb/v7e-m/nofp\libg_nano.a(lib_a-init.o)
 .bss           0x200000e8        0x0 d:/arm_development/10 2020-q4-major/bin/../lib/gcc/arm-none-eabi/10.2.1/../../../../arm-none-eabi/lib/thumb/v7e-m/nofp\libg_nano.a(lib_a-memset.o)
 .bss           0x200000e8        0x0 d:/arm_development/10 2020-q4-major/bin/../lib/gcc/arm-none-eabi/10.2.1/../../../../arm-none-eabi/lib/thumb/v7e-m/nofp\libnosys.a(_exit.o)
 .bss           0x200000e8        0x0 d:/arm_development/10 2020-q4-major/bin/../lib/gcc/arm-none-eabi/10.2.1/thumb/v7e-m/nofp/crtend.o
 .bss           0x200000e8        0x0 d:/arm_development/10 2020-q4-major/bin/../lib/gcc/arm-none-eabi/10.2.1/thumb/v7e-m/nofp/crtn.o
 *(.bss*)
 *(COMMON)
                0x200000e8                . = ALIGN (0x4)
                0x200000e8                _ebss = .
                0x200000e8                __bss_end__ = _ebss

._user_heap_stack
                0x200000e8      0x600 load address 0x0800515c
                0x200000e8                . = ALIGN (0x4)
                [!provide]                PROVIDE (end = .)
                [!provide]                PROVIDE (_end = .)
                0x200002e8                . = (. + _Min_Heap_Size)
 *fill*         0x200000e8      0x200 
                0x200006e8                . = (. + _Min_Stack_Size)
 *fill*         0x200002e8      0x400 
                0x200006e8                . = ALIGN (0x4)

/DISCARD/
 libc.a(*)
 libm.a(*)
 libgcc.a(*)

.ARM.attributes
                0x00000000       0x2a
 *(.ARM.attributes)
 .ARM.attributes
                0x00000000       0x1e d:/arm_development/10 2020-q4-major/bin/../lib/gcc/arm-none-eabi/10.2.1/thumb/v7e-m/nofp/crti.o
 .ARM.attributes
                0x0000001e       0x2e d:/arm_development/10 2020-q4-major/bin/../lib/gcc/arm-none-eabi/10.2.1/thumb/v7e-m/nofp/crtbegin.o
 .ARM.attributes
                0x0000004c       0x1c d:/arm_development/10 2020-q4-major/bin/../lib/gcc/arm-none-eabi/10.2.1/../../../../arm-none-eabi/lib/thumb/v7e-m/nofp/crt0.o
 .ARM.attributes
                0x00000068       0x2e build/logging.o
 .ARM.attributes
                0x00000096       0x2e build/main.o
 .ARM.attributes
                0x000000c4       0x2e build/usart.o
 .ARM.attributes
                0x000000f2       0x2e build/misc.o
 .ARM.attributes
                0x00000120       0x2e build/stm32f4xx_adc.o
 .ARM.attributes
                0x0000014e       0x2e build/stm32f4xx_gpio.o
 .ARM.attributes
                0x0000017c       0x2e build/stm32f4xx_rcc.o
 .ARM.attributes
                0x000001aa       0x2e build/stm32f4xx_tim.o
 .ARM.attributes
                0x000001d8       0x2e build/stm32f4xx_usart.o
 .ARM.attributes
                0x00000206       0x2e build/system_stm32f4xx.o
 .ARM.attributes
                0x00000234       0x21 build/startup_stm32f401xx.o
 .ARM.attributes
                0x00000255       0x2e d:/arm_development/10 2020-q4-major/bin/../lib/gcc/arm-none-eabi/10.2.1/../../../../arm-none-eabi/lib/thumb/v7e-m/nofp\libg_nano.a(lib_a-exit.o)
 .ARM.attributes
                0x00000283       0x2e d:/arm_development/10 2020-q4-major/bin/../lib/gcc/arm-none-eabi/10.2.1/../../../../arm-none-eabi/lib/thumb/v7e-m/nofp\libg_nano.a(lib_a-impure.o)
 .ARM.attributes
                0x000002b1       0x2e d:/arm_development/10 2020-q4-major/bin/../lib/gcc/arm-none-eabi/10.2.1/../../../../arm-none-eabi/lib/thumb/v7e-m/nofp\libg_nano.a(lib_a-init.o)
 .ARM.attributes
                0x000002df       0x2e d:/arm_development/10 2020-q4-major/bin/../lib/gcc/arm-none-eabi/10.2.1/../../../../arm-none-eabi/lib/thumb/v7e-m/nofp\libg_nano.a(lib_a-memset.o)
 .ARM.attributes
                0x0000030d       0x2e d:/arm_development/10 2020-q4-major/bin/../lib/gcc/arm-none-eabi/10.2.1/../../../../arm-none-eabi/lib/thumb/v7e-m/nofp\libnosys.a(_exit.o)
 .ARM.attributes
                0x0000033b       0x2e d:/arm_development/10 2020-q4-major/bin/../lib/gcc/arm-none-eabi/10.2.1/thumb/v7e-m/nofp/crtend.o
 .ARM.attributes
                0x00000369       0x1e d:/arm_development/10 2020-q4-major/bin/../lib/gcc/arm-none-eabi/10.2.1/thumb/v7e-m/nofp/crtn.o
OUTPUT(build/final.elf elf32-littlearm)
LOAD linker stubs
LOAD d:/arm_development/10 2020-q4-major/bin/../lib/gcc/arm-none-eabi/10.2.1/../../../../arm-none-eabi/lib/thumb/v7e-m/nofp\libc.a
LOAD d:/arm_development/10 2020-q4-major/bin/../lib/gcc/arm-none-eabi/10.2.1/../../../../arm-none-eabi/lib/thumb/v7e-m/nofp\libm.a
LOAD d:/arm_development/10 2020-q4-major/bin/../lib/gcc/arm-none-eabi/10.2.1/thumb/v7e-m/nofp\libgcc.a

.debug_info     0x00000000     0x68fb
 .debug_info    0x00000000      0x3b6 build/logging.o
 .debug_info    0x000003b6      0xc50 build/main.o
 .debug_info    0x00001006      0x413 build/usart.o
 .debug_info    0x00001419      0x55c build/misc.o
 .debug_info    0x00001975      0xcd1 build/stm32f4xx_adc.o
 .debug_info    0x00002646      0x649 build/stm32f4xx_gpio.o
 .debug_info    0x00002c8f      0xdea build/stm32f4xx_rcc.o
 .debug_info    0x00003a79     0x1df0 build/stm32f4xx_tim.o
 .debug_info    0x00005869      0xa32 build/stm32f4xx_usart.o
 .debug_info    0x0000629b      0x63e build/system_stm32f4xx.o
 .debug_info    0x000068d9       0x22 build/startup_stm32f401xx.o

.debug_abbrev   0x00000000     0x1009
 .debug_abbrev  0x00000000      0x161 build/logging.o
 .debug_abbrev  0x00000161      0x257 build/main.o
 .debug_abbrev  0x000003b8      0x10a build/usart.o
 .debug_abbrev  0x000004c2      0x170 build/misc.o
 .debug_abbrev  0x00000632      0x1af build/stm32f4xx_adc.o
 .debug_abbrev  0x000007e1      0x1c0 build/stm32f4xx_gpio.o
 .debug_abbrev  0x000009a1      0x1d3 build/stm32f4xx_rcc.o
 .debug_abbrev  0x00000b74      0x19c build/stm32f4xx_tim.o
 .debug_abbrev  0x00000d10      0x182 build/stm32f4xx_usart.o
 .debug_abbrev  0x00000e92      0x165 build/system_stm32f4xx.o
 .debug_abbrev  0x00000ff7       0x12 build/startup_stm32f401xx.o

.debug_aranges  0x00000000      0x168
 .debug_aranges
                0x00000000       0x20 build/logging.o
 .debug_aranges
                0x00000020       0x20 build/main.o
 .debug_aranges
                0x00000040       0x20 build/usart.o
 .debug_aranges
                0x00000060       0x20 build/misc.o
 .debug_aranges
                0x00000080       0x20 build/stm32f4xx_adc.o
 .debug_aranges
                0x000000a0       0x20 build/stm32f4xx_gpio.o
 .debug_aranges
                0x000000c0       0x20 build/stm32f4xx_rcc.o
 .debug_aranges
                0x000000e0       0x20 build/stm32f4xx_tim.o
 .debug_aranges
                0x00000100       0x20 build/stm32f4xx_usart.o
 .debug_aranges
                0x00000120       0x20 build/system_stm32f4xx.o
 .debug_aranges
                0x00000140       0x28 build/startup_stm32f401xx.o

.debug_line     0x00000000     0x2fb4
 .debug_line    0x00000000      0x3d1 build/logging.o
 .debug_line    0x000003d1      0x3ba build/main.o
 .debug_line    0x0000078b      0x1ae build/usart.o
 .debug_line    0x00000939      0x27b build/misc.o
 .debug_line    0x00000bb4      0x5e0 build/stm32f4xx_adc.o
 .debug_line    0x00001194      0x3c0 build/stm32f4xx_gpio.o
 .debug_line    0x00001554      0x6bb build/stm32f4xx_rcc.o
 .debug_line    0x00001c0f      0xb35 build/stm32f4xx_tim.o
 .debug_line    0x00002744      0x522 build/stm32f4xx_usart.o
 .debug_line    0x00002c66      0x2c9 build/system_stm32f4xx.o
 .debug_line    0x00002f2f       0x85 build/startup_stm32f401xx.o

.debug_str      0x00000000     0x292a
 .debug_str     0x00000000      0x1d3 build/logging.o
                                0x239 (size before relaxing)
 .debug_str     0x000001d3      0xa5e build/main.o
                                0xc29 (size before relaxing)
 .debug_str     0x00000c31       0xa2 build/usart.o
                                0x41a (size before relaxing)
 .debug_str     0x00000cd3      0x186 build/misc.o
                                0x3b6 (size before relaxing)
 .debug_str     0x00000e59      0x4de build/stm32f4xx_adc.o
                                0x7ec (size before relaxing)
 .debug_str     0x00001337      0x16d build/stm32f4xx_gpio.o
                                0x488 (size before relaxing)
 .debug_str     0x000014a4      0x663 build/stm32f4xx_rcc.o
                                0x8f4 (size before relaxing)
 .debug_str     0x00001b07      0x9c8 build/stm32f4xx_tim.o
                                0xdb8 (size before relaxing)
 .debug_str     0x000024cf      0x379 build/stm32f4xx_usart.o
                                0x677 (size before relaxing)
 .debug_str     0x00002848       0xab build/system_stm32f4xx.o
                                0x3cf (size before relaxing)
 .debug_str     0x000028f3       0x37 build/startup_stm32f401xx.o
                                 0x6d (size before relaxing)

.comment        0x00000000       0x4d
 .comment       0x00000000       0x4d build/logging.o
                                 0x4e (size before relaxing)
 .comment       0x0000004d       0x4e build/main.o
 .comment       0x0000004d       0x4e build/usart.o
 .comment       0x0000004d       0x4e build/misc.o
 .comment       0x0000004d       0x4e build/stm32f4xx_adc.o
 .comment       0x0000004d       0x4e build/stm32f4xx_gpio.o
 .comment       0x0000004d       0x4e build/stm32f4xx_rcc.o
 .comment       0x0000004d       0x4e build/stm32f4xx_tim.o
 .comment       0x0000004d       0x4e build/stm32f4xx_usart.o
 .comment       0x0000004d       0x4e build/system_stm32f4xx.o

.debug_frame    0x00000000     0x2650
 .debug_frame   0x00000000       0x54 build/logging.o
 .debug_frame   0x00000054      0x160 build/main.o
 .debug_frame   0x000001b4       0x34 build/usart.o
 .debug_frame   0x000001e8       0xd8 build/misc.o
 .debug_frame   0x000002c0      0x5ec build/stm32f4xx_adc.o
 .debug_frame   0x000008ac      0x23c build/stm32f4xx_gpio.o
 .debug_frame   0x00000ae8      0x774 build/stm32f4xx_rcc.o
 .debug_frame   0x0000125c      0xe54 build/stm32f4xx_tim.o
 .debug_frame   0x000020b0      0x490 build/stm32f4xx_usart.o
 .debug_frame   0x00002540       0x7c build/system_stm32f4xx.o
 .debug_frame   0x000025bc       0x28 d:/arm_development/10 2020-q4-major/bin/../lib/gcc/arm-none-eabi/10.2.1/../../../../arm-none-eabi/lib/thumb/v7e-m/nofp\libg_nano.a(lib_a-exit.o)
 .debug_frame   0x000025e4       0x2c d:/arm_development/10 2020-q4-major/bin/../lib/gcc/arm-none-eabi/10.2.1/../../../../arm-none-eabi/lib/thumb/v7e-m/nofp\libg_nano.a(lib_a-init.o)
 .debug_frame   0x00002610       0x20 d:/arm_development/10 2020-q4-major/bin/../lib/gcc/arm-none-eabi/10.2.1/../../../../arm-none-eabi/lib/thumb/v7e-m/nofp\libg_nano.a(lib_a-memset.o)
 .debug_frame   0x00002630       0x20 d:/arm_development/10 2020-q4-major/bin/../lib/gcc/arm-none-eabi/10.2.1/../../../../arm-none-eabi/lib/thumb/v7e-m/nofp\libnosys.a(_exit.o)

.debug_ranges   0x00000000       0x20
 .debug_ranges  0x00000000       0x20 build/startup_stm32f401xx.o
